Component: ARM Compiler 5.06 update 6 (build 750) Tool: armlink [4d35ed]

==============================================================================

Section Cross References

    startup_stm32f103xe.o(STACK) refers (Special) to heapauxi.o(.text) for __use_two_region_memory
    startup_stm32f103xe.o(HEAP) refers (Special) to heapauxi.o(.text) for __use_two_region_memory
    startup_stm32f103xe.o(RESET) refers (Special) to heapauxi.o(.text) for __use_two_region_memory
    startup_stm32f103xe.o(RESET) refers to startup_stm32f103xe.o(STACK) for __initial_sp
    startup_stm32f103xe.o(RESET) refers to startup_stm32f103xe.o(.text) for Reset_Handler
    startup_stm32f103xe.o(RESET) refers to stm32f1xx_it.o(i.NMI_Handler) for NMI_Handler
    startup_stm32f103xe.o(RESET) refers to stm32f1xx_it.o(i.HardFault_Handler) for HardFault_Handler
    startup_stm32f103xe.o(RESET) refers to stm32f1xx_it.o(i.MemManage_Handler) for MemManage_Handler
    startup_stm32f103xe.o(RESET) refers to stm32f1xx_it.o(i.BusFault_Handler) for BusFault_Handler
    startup_stm32f103xe.o(RESET) refers to stm32f1xx_it.o(i.UsageFault_Handler) for UsageFault_Handler
    startup_stm32f103xe.o(RESET) refers to port.o(.emb_text) for SVC_Handler
    startup_stm32f103xe.o(RESET) refers to stm32f1xx_it.o(i.DebugMon_Handler) for DebugMon_Handler
    startup_stm32f103xe.o(RESET) refers to port.o(i.SysTick_Handler) for SysTick_Handler
    startup_stm32f103xe.o(RESET) refers to stm32f1xx_it.o(i.TIM1_UP_IRQHandler) for TIM1_UP_IRQHandler
    startup_stm32f103xe.o(RESET) refers to stm32f1xx_it.o(i.USART1_IRQHandler) for USART1_IRQHandler
    startup_stm32f103xe.o(.text) refers (Special) to heapauxi.o(.text) for __use_two_region_memory
    startup_stm32f103xe.o(.text) refers to system_stm32f1xx.o(i.SystemInit) for SystemInit
    startup_stm32f103xe.o(.text) refers to __main.o(!!!main) for __main
    startup_stm32f103xe.o(.text) refers to startup_stm32f103xe.o(HEAP) for Heap_Mem
    startup_stm32f103xe.o(.text) refers to startup_stm32f103xe.o(STACK) for Stack_Mem
    w5500.o(i.W5500_SPI_Begin) refers to spi.o(i.MX_SPI2_Init) for MX_SPI2_Init
    w5500.o(i.W5500_SPI_Read) refers to stm32f1xx_hal_spi.o(i.HAL_SPI_TransmitReceive) for HAL_SPI_TransmitReceive
    w5500.o(i.W5500_SPI_Read) refers to spi.o(.bss) for hspi2
    w5500.o(i.W5500_SPI_Read_Arr) refers to stm32f1xx_hal_spi.o(i.HAL_SPI_TransmitReceive) for HAL_SPI_TransmitReceive
    w5500.o(i.W5500_SPI_Read_Arr) refers to spi.o(.bss) for hspi2
    w5500.o(i.W5500_SPI_Write) refers to stm32f1xx_hal_spi.o(i.HAL_SPI_Transmit) for HAL_SPI_Transmit
    w5500.o(i.W5500_SPI_Write) refers to spi.o(.bss) for hspi2
    w5500.o(i.W5500_SPI_Write_Arr) refers to stm32f1xx_hal_spi.o(i.HAL_SPI_Transmit) for HAL_SPI_Transmit
    w5500.o(i.W5500_SPI_Write_Arr) refers to spi.o(.bss) for hspi2
    w5500.o(i.W5500_SPI_initSS) refers to stm32f1xx_hal_gpio.o(i.HAL_GPIO_WritePin) for HAL_GPIO_WritePin
    w5500.o(i.W5500_SPI_initSS) refers to stm32f1xx_hal_gpio.o(i.HAL_GPIO_Init) for HAL_GPIO_Init
    w5500.o(i.W5500_SPI_resetSS) refers to stm32f1xx_hal_gpio.o(i.HAL_GPIO_WritePin) for HAL_GPIO_WritePin
    w5500.o(i.W5500_SPI_setSS) refers to stm32f1xx_hal_gpio.o(i.HAL_GPIO_WritePin) for HAL_GPIO_WritePin
    w5500.o(i.W5500_execCmdSn) refers to w5500.o(i.W5500_writeSn) for W5500_writeSn
    w5500.o(i.W5500_execCmdSn) refers to w5500.o(i.W5500_readSn) for W5500_readSn
    w5500.o(i.W5500_getRXReceivedSize) refers to w5500.o(i.W5500_readSnRX_RSR) for W5500_readSnRX_RSR
    w5500.o(i.W5500_getTXFreeSize) refers to w5500.o(i.W5500_readSnTX_FSR) for W5500_readSnTX_FSR
    w5500.o(i.W5500_init) refers to w5500.o(i.W5500_SPI_initSS) for W5500_SPI_initSS
    w5500.o(i.W5500_init) refers to spi.o(i.MX_SPI2_Init) for MX_SPI2_Init
    w5500.o(i.W5500_init) refers to w5500.o(i.W5500_swReset) for W5500_swReset
    w5500.o(i.W5500_init) refers to w5500.o(i.W5500_write) for W5500_write
    w5500.o(i.W5500_read) refers to w5500.o(i.W5500_SPI_setSS) for W5500_SPI_setSS
    w5500.o(i.W5500_read) refers to w5500.o(i.W5500_SPI_Write) for W5500_SPI_Write
    w5500.o(i.W5500_read) refers to w5500.o(i.W5500_SPI_Read) for W5500_SPI_Read
    w5500.o(i.W5500_read) refers to w5500.o(i.W5500_SPI_resetSS) for W5500_SPI_resetSS
    w5500.o(i.W5500_readSnRX_RSR) refers to w5500.o(i.W5500_readSn) for W5500_readSn
    w5500.o(i.W5500_readSnTX_FSR) refers to w5500.o(i.W5500_readSn) for W5500_readSn
    w5500.o(i.W5500_readVersion) refers to w5500.o(i.W5500_SPI_setSS) for W5500_SPI_setSS
    w5500.o(i.W5500_readVersion) refers to stm32f1xx_hal_spi.o(i.HAL_SPI_Transmit) for HAL_SPI_Transmit
    w5500.o(i.W5500_readVersion) refers to stm32f1xx_hal_spi.o(i.HAL_SPI_TransmitReceive) for HAL_SPI_TransmitReceive
    w5500.o(i.W5500_readVersion) refers to w5500.o(i.W5500_SPI_resetSS) for W5500_SPI_resetSS
    w5500.o(i.W5500_readVersion) refers to spi.o(.bss) for hspi2
    w5500.o(i.W5500_read_Arr) refers to w5500.o(i.W5500_SPI_setSS) for W5500_SPI_setSS
[...]
    DMA1_Channel3_IRQHandler                 0x08000333   Thumb Code     0  startup_stm32f103xe.o(.text)
    DMA1_Channel4_IRQHandler                 0x08000333   Thumb Code     0  startup_stm32f103xe.o(.text)
    DMA1_Channel5_IRQHandler                 0x08000333   Thumb Code     0  startup_stm32f103xe.o(.text)
    DMA1_Channel6_IRQHandler                 0x08000333   Thumb Code     0  startup_stm32f103xe.o(.text)
    DMA1_Channel7_IRQHandler                 0x08000333   Thumb Code     0  startup_stm32f103xe.o(.text)
    DMA2_Channel1_IRQHandler                 0x08000333   Thumb Code     0  startup_stm32f103xe.o(.text)
    DMA2_Channel2_IRQHandler                 0x08000333   Thumb Code     0  startup_stm32f103xe.o(.text)
    DMA2_Channel3_IRQHandler                 0x08000333   Thumb Code     0  startup_stm32f103xe.o(.text)
    DMA2_Channel4_5_IRQHandler               0x08000333   Thumb Code     0  startup_stm32f103xe.o(.text)
    EXTI0_IRQHandler                         0x08000333   Thumb Code     0  startup_stm32f103xe.o(.text)
    EXTI15_10_IRQHandler                     0x08000333   Thumb Code     0  startup_stm32f103xe.o(.text)
    EXTI1_IRQHandler                         0x08000333   Thumb Code     0  startup_stm32f103xe.o(.text)
    EXTI2_IRQHandler                         0x08000333   Thumb Code     0  startup_stm32f103xe.o(.text)
    EXTI3_IRQHandler                         0x08000333   Thumb Code     0  startup_stm32f103xe.o(.text)
    EXTI4_IRQHandler                         0x08000333   Thumb Code     0  startup_stm32f103xe.o(.text)
    EXTI9_5_IRQHandler                       0x08000333   Thumb Code     0  startup_stm32f103xe.o(.text)
    FLASH_IRQHandler                         0x08000333   Thumb Code     0  startup_stm32f103xe.o(.text)
    FSMC_IRQHandler                          0x08000333   Thumb Code     0  startup_stm32f103xe.o(.text)
    I2C1_ER_IRQHandler                       0x08000333   Thumb Code     0  startup_stm32f103xe.o(.text)
    I2C1_EV_IRQHandler                       0x08000333   Thumb Code     0  startup_stm32f103xe.o(.text)
    I2C2_ER_IRQHandler                       0x08000333   Thumb Code     0  startup_stm32f103xe.o(.text)
    I2C2_EV_IRQHandler                       0x08000333   Thumb Code     0  startup_stm32f103xe.o(.text)
    PVD_IRQHandler                           0x08000333   Thumb Code     0  startup_stm32f103xe.o(.text)
    RCC_IRQHandler                           0x08000333   Thumb Code     0  startup_stm32f103xe.o(.text)
    RTC_Alarm_IRQHandler                     0x08000333   Thumb Code     0  startup_stm32f103xe.o(.text)
    RTC_IRQHandler                           0x08000333   Thumb Code     0  startup_stm32f103xe.o(.text)
    SDIO_IRQHandler                          0x08000333   Thumb Code     0  startup_stm32f103xe.o(.text)
    SPI1_IRQHandler                          0x08000333   Thumb Code     0  startup_stm32f103xe.o(.text)
    SPI2_IRQHandler                          0x08000333   Thumb Code     0  startup_stm32f103xe.o(.text)
    SPI3_IRQHandler                          0x08000333   Thumb Code     0  startup_stm32f103xe.o(.text)
    TAMPER_IRQHandler                        0x08000333   Thumb Code     0  startup_stm32f103xe.o(.text)
    TIM1_BRK_IRQHandler                      0x08000333   Thumb Code     0  startup_stm32f103xe.o(.text)
    TIM1_CC_IRQHandler                       0x08000333   Thumb Code     0  startup_stm32f103xe.o(.text)
    TIM1_TRG_COM_IRQHandler                  0x08000333   Thumb Code     0  startup_stm32f103xe.o(.text)
    TIM2_IRQHandler                          0x08000333   Thumb Code     0  startup_stm32f103xe.o(.text)
    TIM3_IRQHandler                          0x08000333   Thumb Code     0  startup_stm32f103xe.o(.text)
    TIM4_IRQHandler                          0x08000333   Thumb Code     0  startup_stm32f103xe.o(.text)
    TIM5_IRQHandler                          0x08000333   Thumb Code     0  startup_stm32f103xe.o(.text)
    TIM6_IRQHandler                          0x08000333   Thumb Code     0  startup_stm32f103xe.o(.text)
    TIM7_IRQHandler                          0x08000333   Thumb Code     0  startup_stm32f103xe.o(.text)
    TIM8_BRK_IRQHandler                      0x08000333   Thumb Code     0  startup_stm32f103xe.o(.text)
    TIM8_CC_IRQHandler                       0x08000333   Thumb Code     0  startup_stm32f103xe.o(.text)
    TIM8_TRG_COM_IRQHandler                  0x08000333   Thumb Code     0  startup_stm32f103xe.o(.text)
    TIM8_UP_IRQHandler                       0x08000333   Thumb Code     0  startup_stm32f103xe.o(.text)
    UART4_IRQHandler                         0x08000333   Thumb Code     0  startup_stm32f103xe.o(.text)
    UART5_IRQHandler                         0x08000333   Thumb Code     0  startup_stm32f103xe.o(.text)
    USART2_IRQHandler                        0x08000333   Thumb Code     0  startup_stm32f103xe.o(.text)
    USART3_IRQHandler                        0x08000333   Thumb Code     0  startup_stm32f103xe.o(.text)
    USBWakeUp_IRQHandler                     0x08000333   Thumb Code     0  startup_stm32f103xe.o(.text)
    USB_HP_CAN1_TX_IRQHandler                0x08000333   Thumb Code     0  startup_stm32f103xe.o(.text)
    USB_LP_CAN1_RX0_IRQHandler               0x08000333   Thumb Code     0  startup_stm32f103xe.o(.text)
    WWDG_IRQHandler                          0x08000333   Thumb Code     0  startup_stm32f103xe.o(.text)
    __user_initial_stackheap                 0x08000335   Thumb Code     0  startup_stm32f103xe.o(.text)
    __use_no_semihosting                     0x08000359   Thumb Code     2  use_no_semi_2.o(.text)
    malloc                                   0x0800035b   Thumb Code    94  h1_alloc.o(.text)
    free                                     0x080003b9   Thumb Code    78  h1_free.o(.text)
    vsnprintf                                0x08000409   Thumb Code    48  vsnprintf.o(.text)
    __2printf                                0x0800043d   Thumb Code    20  __2printf.o(.text)
    _printf_str                              0x08000455   Thumb Code    82  _printf_str.o(.text)
    __printf                                 0x080004a9   Thumb Code   388  __printf_flags_ss_wp.o(.text)
    strlen                                   0x08000631   Thumb Code    62  strlen.o(.text)
    __aeabi_memcpy                           0x0800066f   Thumb Code     0  rt_memcpy_v6.o(.text)
    __rt_memcpy                              0x0800066f   Thumb Code   138  rt_memcpy_v6.o(.text)
    _memcpy_lastbytes                        0x080006d5   Thumb Code     0  rt_memcpy_v6.o(.text)
    __aeabi_memcpy4                          0x080006f9   Thumb Code     0  rt_memcpy_w.o(.text)
    __aeabi_memcpy8                          0x080006f9   Thumb Code     0  rt_memcpy_w.o(.text)
    __rt_memcpy_w                            0x080006f9   Thumb Code   100  rt_memcpy_w.o(.text)
    _memcpy_lastbytes_aligned                0x08000741   Thumb Code     0  rt_memcpy_w.o(.text)
    __aeabi_memset                           0x0800075d   Thumb Code    16  aeabi_memset.o(.text)
    __aeabi_memclr4                          0x0800076d   Thumb Code     0  rt_memclr_w.o(.text)
    __aeabi_memclr8                          0x0800076d   Thumb Code     0  rt_memclr_w.o(.text)
    __rt_memclr_w                            0x0800076d   Thumb Code    78  rt_memclr_w.o(.text)
    _memset_w                                0x08000771   Thumb Code     0  rt_memclr_w.o(.text)
    __use_two_region_memory                  0x080007bb   Thumb Code     2  heapauxi.o(.text)
    __rt_heap_escrow                         0x080007bd   Thumb Code     2  heapauxi.o(.text)
    __rt_heap_expand                         0x080007bf   Thumb Code     2  heapauxi.o(.text)
    __I$use$semihosting                      0x080007c1   Thumb Code     0  use_no_semi.o(.text)
    __use_no_semihosting_swi                 0x080007c1   Thumb Code     2  use_no_semi.o(.text)
    __rt_heap_descriptor                     0x080007c5   Thumb Code     8  rt_heap_descriptor_intlibspace.o(.text)
    __use_no_heap                            0x080007cd   Thumb Code     2  hguard.o(.text)
    __heap$guard                             0x080007cf   Thumb Code     2  hguard.o(.text)
    _terminate_user_alloc                    0x080007d1   Thumb Code     2  init_alloc.o(.text)
    _init_user_alloc                         0x080007d3   Thumb Code     2  init_alloc.o(.text)
    __Heap_Full                              0x080007d5   Thumb Code    34  init_alloc.o(.text)
    __Heap_Broken                            0x080007f7   Thumb Code     6  init_alloc.o(.text)
    _init_alloc                              0x080007fd   Thumb Code    94  init_alloc.o(.text)
    __Heap_Initialize                        0x0800085b   Thumb Code    10  h1_init.o(.text)
    __Heap_DescSize                          0x08000865   Thumb Code     4  h1_init.o(.text)
    _printf_pre_padding                      0x08000869   Thumb Code    44  _printf_pad.o(.text)
    _printf_post_padding                     0x08000895   Thumb Code    34  _printf_pad.o(.text)
    _printf_truncate_signed                  0x080008b7   Thumb Code    18  _printf_truncate.o(.text)
    _printf_truncate_unsigned                0x080008c9   Thumb Code    18  _printf_truncate.o(.text)
    _printf_int_dec                          0x080008dd   Thumb Code   104  _printf_dec.o(.text)
    _printf_charcount                        0x08000955   Thumb Code    40  _printf_charcount.o(.text)
    _printf_char_common                      0x08000987   Thumb Code    32  _printf_char_common.o(.text)
    _sputc                                   0x080009ad   Thumb Code    10  _sputc.o(.text)
    _snputc                                  0x080009b7   Thumb Code    16  _snputc.o(.text)
    _printf_cs_common                        0x080009c7   Thumb Code    20  _printf_char.o(.text)
    _printf_char                             0x080009db   Thumb Code    16  _printf_char.o(.text)
    _printf_string                           0x080009eb   Thumb Code     8  _printf_char.o(.text)
    _printf_char_file                        0x080009f5   Thumb Code    32  _printf_char_file.o(.text)
    _printf_wctomb                           0x08000a19   Thumb Code   182  _printf_wctomb.o(.text)
    _printf_longlong_dec                     0x08000ad5   Thumb Code   108  _printf_longlong_dec.o(.text)
    _printf_longlong_oct                     0x08000b51   Thumb Code    66  _printf_oct_int_ll.o(.text)
    _printf_int_oct                          0x08000b93   Thumb Code    24  _printf_oct_int_ll.o(.text)
    _printf_ll_oct                           0x08000bab   Thumb Code    12  _printf_oct_int_ll.o(.text)
    _printf_longlong_hex                     0x08000bc1   Thumb Code    86  _printf_hex_int_ll_ptr.o(.text)
    _printf_int_hex                          0x08000c17   Thumb Code    28  _printf_hex_int_ll_ptr.o(.text)
    _printf_ll_hex                           0x08000c33   Thumb Code    12  _printf_hex_int_ll_ptr.o(.text)
    _printf_hex_ptr                          0x08000c3f   Thumb Code    18  _printf_hex_int_ll_ptr.o(.text)
    __aeabi_memclr                           0x08000c55   Thumb Code     0  rt_memclr.o(.text)
    __rt_memclr                              0x08000c55   Thumb Code    68  rt_memclr.o(.text)
    _memset                                  0x08000c59   Thumb Code     0  rt_memclr.o(.text)
    __user_libspace                          0x08000c99   Thumb Code     8  libspace.o(.text)
    __user_perproc_libspace                  0x08000c99   Thumb Code     0  libspace.o(.text)
    __user_perthread_libspace                0x08000c99   Thumb Code     0  libspace.o(.text)
    __Heap_ProvideMemory                     0x08000ca1   Thumb Code    52  h1_extend.o(.text)
    _ll_udiv10                               0x08000cd5   Thumb Code   138  lludiv10.o(.text)
    _printf_int_common                       0x08000d5f   Thumb Code   178  _printf_intcommon.o(.text)
    __lib_sel_fp_printf                      0x08000e11   Thumb Code     2  _printf_fp_dec.o(.text)
    _printf_fp_dec_real                      0x08000fc3   Thumb Code   620  _printf_fp_dec.o(.text)
    _printf_fp_hex_real                      0x08001231   Thumb Code   756  _printf_fp_hex.o(.text)
    _printf_lcs_common                       0x0800152d   Thumb Code    20  _printf_wchar.o(.text)
    _printf_wchar                            0x08001541   Thumb Code    16  _printf_wchar.o(.text)
    _printf_wstring                          0x08001551   Thumb Code     8  _printf_wchar.o(.text)
    ferror                                   0x08001559   Thumb Code     8  ferror.o(.text)
    _wcrtomb                                 0x08001561   Thumb Code    64  _wcrtomb.o(.text)
    __rt_SIGRTMEM                            0x080015a1   Thumb Code    14  defsig_rtmem_outer.o(.text)
    __user_setup_stackheap                   0x080015af   Thumb Code    74  sys_stackheap_outer.o(.text)
    __rt_ctype_table                         0x080015f9   Thumb Code    16  rt_ctype_table.o(.text)
    __rt_locale                              0x08001609   Thumb Code     8  rt_locale_intlibspace.o(.text)
    _printf_fp_infnan                        0x08001611   Thumb Code   112  _printf_fp_infnan.o(.text)
    _btod_etento                             0x08001691   Thumb Code   224  bigflt0.o(.text)
    exit                                     0x08001775   Thumb Code    18  exit.o(.text)
    __sig_exit                               0x08001787   Thumb Code    10  defsig_exit.o(.text)
    __rt_SIGRTMEM_inner                      0x08001791   Thumb Code    22  defsig_rtmem_inner.o(.text)
    __default_signal_display                 0x080017e1   Thumb Code    50  defsig_general.o(.text)
    strcmp                                   0x08001815   Thumb Code   128  strcmpv7m.o(.text)
    _btod_d2e                                0x08001895   Thumb Code    62  btod.o(CL$$btod_d2e)
    _d2e_denorm_low                          0x080018d3   Thumb Code    70  btod.o(CL$$btod_d2e_denorm_low)
    _d2e_norm_op1                            0x08001919   Thumb Code    96  btod.o(CL$$btod_d2e_norm_op1)
    __btod_div_common                        0x08001979   Thumb Code   696  btod.o(CL$$btod_div_common)
    _e2e                                     0x08001cb1   Thumb Code   220  btod.o(CL$$btod_e2e)
    _btod_ediv                               0x08001d8d   Thumb Code    42  btod.o(CL$$btod_ediv)
    _btod_emul                               0x08001db7   Thumb Code    42  btod.o(CL$$btod_emul)
    __btod_mult_common                       0x08001de1   Thumb Code   580  btod.o(CL$$btod_mult_common)
    BusFault_Handler                         0x08002025   Thumb Code     2  stm32f1xx_it.o(i.BusFault_Handler)
    CreateMutex                              0x08002029   Thumb Code    32  freertos.o(i.CreateMutex)
    DbgPrint                                 0x0800204d   Thumb Code   122  main.o(i.DbgPrint)
    DebugMon_Handler                         0x080020d9   Thumb Code     2  stm32f1xx_it.o(i.DebugMon_Handler)
    ETH_Client_available                     0x080020db   Thumb Code    14  ethernetclient.o(i.ETH_Client_available)
    ETH_Client_connected                     0x080020e9   Thumb Code    46  ethernetclient.o(i.ETH_Client_connected)
    ETH_Client_isIdentical                   0x08002117   Thumb Code    24  ethernetclient.o(i.ETH_Client_isIdentical)
    ETH_Client_isOK                          0x0800212f   Thumb Code    14  ethernetclient.o(i.ETH_Client_isOK)
    ETH_Client_read_Arr                      0x0800213d   Thumb Code     8  ethernetclient.o(i.ETH_Client_read_Arr)
    ETH_Client_status                        0x08002145   Thumb Code    16  ethernetclient.o(i.ETH_Client_status)
    ETH_Client_stop                          0x08002155   Thumb Code    80  ethernetclient.o(i.ETH_Client_stop)
    ETH_Client_write_Arr                     0x080021a9   Thumb Code    28  ethernetclient.o(i.ETH_Client_write_Arr)
    ETH_Server_accept                        0x080021c5   Thumb Code    88  ethernetserver.o(i.ETH_Server_accept)
    ETH_Server_available                     0x08002221   Thumb Code    72  ethernetserver.o(i.ETH_Server_available)
    ETH_Server_begin                         0x08002271   Thumb Code    56  ethernetserver.o(i.ETH_Server_begin)
    ETH_Update                               0x080022ad   Thumb Code    42  freertos.o(i.ETH_Update)
    ETH_begin                                0x080022ed   Thumb Code    58  ethernet2.o(i.ETH_begin)
    ETH_localIP                              0x08002331   Thumb Code    12  ethernet2.o(i.ETH_localIP)
    Error_Handler                            0x0800233d   Thumb Code     2  main.o(i.Error_Handler)
    HAL_DMA_Abort_IT                         0x08002341   Thumb Code   296  stm32f1xx_hal_dma.o(i.HAL_DMA_Abort_IT)
    HAL_Delay                                0x08002471   Thumb Code    32  stm32f1xx_hal.o(i.HAL_Delay)
    HAL_GPIO_Init                            0x08002495   Thumb Code   462  stm32f1xx_hal_gpio.o(i.HAL_GPIO_Init)
    HAL_GPIO_WritePin                        0x0800268d   Thumb Code    10  stm32f1xx_hal_gpio.o(i.HAL_GPIO_WritePin)
    HAL_GetTick                              0x08002699   Thumb Code     6  stm32f1xx_hal.o(i.HAL_GetTick)
    HAL_IncTick                              0x080026a5   Thumb Code    12  stm32f1xx_hal.o(i.HAL_IncTick)
    HAL_Init                                 0x080026b5   Thumb Code    32  stm32f1xx_hal.o(i.HAL_Init)
    HAL_InitTick                             0x080026d9   Thumb Code    98  stm32f1xx_hal_timebase_tim.o(i.HAL_InitTick)
    HAL_MspInit                              0x0800274d   Thumb Code    62  stm32f1xx_hal_msp.o(i.HAL_MspInit)
    HAL_NVIC_DisableIRQ                      0x08002795   Thumb Code    34  stm32f1xx_hal_cortex.o(i.HAL_NVIC_DisableIRQ)
    HAL_NVIC_EnableIRQ                       0x080027b7   Thumb Code    26  stm32f1xx_hal_cortex.o(i.HAL_NVIC_EnableIRQ)
    HAL_NVIC_SetPriority                     0x080027d1   Thumb Code    60  stm32f1xx_hal_cortex.o(i.HAL_NVIC_SetPriority)
    HAL_NVIC_SetPriorityGrouping             0x08002811   Thumb Code    26  stm32f1xx_hal_cortex.o(i.HAL_NVIC_SetPriorityGrouping)
    HAL_RCC_ClockConfig                      0x08002835   Thumb Code   280  stm32f1xx_hal_rcc.o(i.HAL_RCC_ClockConfig)
    HAL_RCC_GetClockConfig                   0x08002961   Thumb Code    54  stm32f1xx_hal_rcc.o(i.HAL_RCC_GetClockConfig)
    HAL_RCC_GetPCLK1Freq                     0x080029a1   Thumb Code    20  stm32f1xx_hal_rcc.o(i.HAL_RCC_GetPCLK1Freq)
    HAL_RCC_GetPCLK2Freq                     0x080029c1   Thumb Code    20  stm32f1xx_hal_rcc.o(i.HAL_RCC_GetPCLK2Freq)
    HAL_RCC_GetSysClockFreq                  0x080029e1   Thumb Code    74  stm32f1xx_hal_rcc.o(i.HAL_RCC_GetSysClockFreq)
    HAL_RCC_OscConfig                        0x08002a4d   Thumb Code   778  stm32f1xx_hal_rcc.o(i.HAL_RCC_OscConfig)
    HAL_SPI_Init                             0x08002d6d   Thumb Code   178  stm32f1xx_hal_spi.o(i.HAL_SPI_Init)
    HAL_SPI_MspInit                          0x08002e21   Thumb Code   102  spi.o(i.HAL_SPI_MspInit)
    HAL_SPI_Transmit                         0x08002e95   Thumb Code   358  stm32f1xx_hal_spi.o(i.HAL_SPI_Transmit)
    HAL_SPI_TransmitReceive                  0x08002ffb   Thumb Code   482  stm32f1xx_hal_spi.o(i.HAL_SPI_TransmitReceive)
    HAL_TIMEx_BreakCallback                  0x080031dd   Thumb Code     2  stm32f1xx_hal_tim_ex.o(i.HAL_TIMEx_BreakCallback)
    HAL_TIMEx_CommutCallback                 0x080031df   Thumb Code     2  stm32f1xx_hal_tim_ex.o(i.HAL_TIMEx_CommutCallback)
    HAL_TIM_Base_Init                        0x080031e1   Thumb Code    90  stm32f1xx_hal_tim.o(i.HAL_TIM_Base_Init)
    HAL_TIM_Base_MspInit                     0x0800323b   Thumb Code     2  stm32f1xx_hal_tim.o(i.HAL_TIM_Base_MspInit)
    HAL_TIM_Base_Start_IT                    0x0800323d   Thumb Code    88  stm32f1xx_hal_tim.o(i.HAL_TIM_Base_Start_IT)
    HAL_TIM_IC_CaptureCallback               0x080032a9   Thumb Code     2  stm32f1xx_hal_tim.o(i.HAL_TIM_IC_CaptureCallback)
    HAL_TIM_IRQHandler                       0x080032ab   Thumb Code   358  stm32f1xx_hal_tim.o(i.HAL_TIM_IRQHandler)
    HAL_TIM_OC_DelayElapsedCallback          0x08003411   Thumb Code     2  stm32f1xx_hal_tim.o(i.HAL_TIM_OC_DelayElapsedCallback)
    HAL_TIM_PWM_PulseFinishedCallback        0x08003413   Thumb Code     2  stm32f1xx_hal_tim.o(i.HAL_TIM_PWM_PulseFinishedCallback)
    HAL_TIM_PeriodElapsedCallback            0x08003415   Thumb Code    14  main.o(i.HAL_TIM_PeriodElapsedCallback)
    HAL_TIM_TriggerCallback                  0x08003429   Thumb Code     2  stm32f1xx_hal_tim.o(i.HAL_TIM_TriggerCallback)
    HAL_UART_ErrorCallback                   0x0800342b   Thumb Code     2  stm32f1xx_hal_uart.o(i.HAL_UART_ErrorCallback)
    HAL_UART_GetState                        0x0800342d   Thumb Code    10  stm32f1xx_hal_uart.o(i.HAL_UART_GetState)
    HAL_UART_IRQHandler                      0x08003439   Thumb Code   344  stm32f1xx_hal_uart.o(i.HAL_UART_IRQHandler)
    HAL_UART_Init                            0x08003595   Thumb Code    98  stm32f1xx_hal_uart.o(i.HAL_UART_Init)
    HAL_UART_MspInit                         0x080035f9   Thumb Code   116  usart.o(i.HAL_UART_MspInit)
    HAL_UART_Receive_IT                      0x08003679   Thumb Code    82  stm32f1xx_hal_uart.o(i.HAL_UART_Receive_IT)
    HAL_UART_RxCpltCallback                  0x080036cd   Thumb Code    14  usart.o(i.HAL_UART_RxCpltCallback)
    HAL_UART_Transmit_IT                     0x080036e1   Thumb Code    62  stm32f1xx_hal_uart.o(i.HAL_UART_Transmit_IT)
    HAL_UART_TxCpltCallback                  0x08003721   Thumb Code    14  usart.o(i.HAL_UART_TxCpltCallback)
    HardFault_Handler                        0x08003735   Thumb Code     2  stm32f1xx_it.o(i.HardFault_Handler)
    MX_FREERTOS_Init                         0x08003739   Thumb Code    74  freertos.o(i.MX_FREERTOS_Init)
    MX_GPIO_Init                             0x0800378d   Thumb Code    88  gpio.o(i.MX_GPIO_Init)
    MX_SPI2_Init                             0x080037ed   Thumb Code    62  spi.o(i.MX_SPI2_Init)
    MX_USART1_UART_Init                      0x08003835   Thumb Code    48  usart.o(i.MX_USART1_UART_Init)
    MemManage_Handler                        0x0800386d   Thumb Code     2  stm32f1xx_it.o(i.MemManage_Handler)
    NMI_Handler                              0x0800386f   Thumb Code     2  stm32f1xx_it.o(i.NMI_Handler)
    SOCKET_close                             0x08003871   Thumb Code    22  socket.o(i.SOCKET_close)
    SOCKET_disconnect                        0x08003887   Thumb Code     6  socket.o(i.SOCKET_disconnect)
    SOCKET_listen                            0x0800388d   Thumb Code    28  socket.o(i.SOCKET_listen)
    SOCKET_recv                              0x080038a9   Thumb Code    78  socket.o(i.SOCKET_recv)
    SOCKET_send                              0x080038f7   Thumb Code   110  socket.o(i.SOCKET_send)
    SOCKET_socket                            0x08003965   Thumb Code    88  socket.o(i.SOCKET_socket)
    StartDefaultTask                         0x08003a99   Thumb Code    38  freertos.o(i.StartDefaultTask)
    SysTick_Handler                          0x08003ad1   Thumb Code    38  port.o(i.SysTick_Handler)
    SystemClock_Config                       0x08003afd   Thumb Code    78  main.o(i.SystemClock_Config)
    SystemInit                               0x08003b4b   Thumb Code     2  system_stm32f1xx.o(i.SystemInit)
    TIM1_UP_IRQHandler                       0x08003b4d   Thumb Code     6  stm32f1xx_it.o(i.TIM1_UP_IRQHandler)
    TIM_Base_SetConfig                       0x08003b59   Thumb Code   120  stm32f1xx_hal_tim.o(i.TIM_Base_SetConfig)
    UART_Begin_IT                            0x08003be5   Thumb Code    94  usart.o(i.UART_Begin_IT)
    UART_RX_Active                           0x08003c75   Thumb Code    20  usart.o(i.UART_RX_Active)
    UART_Rx_Complate                         0x08003d15   Thumb Code    70  usart.o(i.UART_Rx_Complate)
    UART_TX_Active                           0x08003e19   Thumb Code    20  usart.o(i.UART_TX_Active)
    UART_TX_Complate                         0x08003e2d   Thumb Code    50  usart.o(i.UART_TX_Complate)
    UART_Transmit_IT_Init                    0x08003e61   Thumb Code   138  usart.o(i.UART_Transmit_IT_Init)
    UART_Write_IT                            0x08003ef9   Thumb Code    62  usart.o(i.UART_Write_IT)
    USART1_IRQHandler                        0x08003f3d   Thumb Code     6  stm32f1xx_it.o(i.USART1_IRQHandler)
    UsageFault_Handler                       0x08003f49   Thumb Code     2  stm32f1xx_it.o(i.UsageFault_Handler)
    W5500_SPI_Read                           0x08003f4d   Thumb Code    28  w5500.o(i.W5500_SPI_Read)
    W5500_SPI_Read_Arr                       0x08003f6d   Thumb Code    46  w5500.o(i.W5500_SPI_Read_Arr)
    W5500_SPI_Write                          0x08003fa1   Thumb Code    18  w5500.o(i.W5500_SPI_Write)
    W5500_SPI_Write_Arr                      0x08003fb9   Thumb Code    38  w5500.o(i.W5500_SPI_Write_Arr)
    W5500_SPI_initSS                         0x08003fe5   Thumb Code    72  w5500.o(i.W5500_SPI_initSS)
    W5500_SPI_resetSS                        0x08004035   Thumb Code    10  w5500.o(i.W5500_SPI_resetSS)
    W5500_SPI_setSS                          0x08004045   Thumb Code    12  w5500.o(i.W5500_SPI_setSS)
    W5500_execCmdSn                          0x08004055   Thumb Code    26  w5500.o(i.W5500_execCmdSn)
    W5500_getIPAddress                       0x0800406f   Thumb Code    12  w5500.o(i.W5500_getIPAddress)
    W5500_getRXReceivedSize                  0x0800407b   Thumb Code    32  w5500.o(i.W5500_getRXReceivedSize)
    W5500_getTXFreeSize                      0x0800409b   Thumb Code    32  w5500.o(i.W5500_getTXFreeSize)
    W5500_init                               0x080040bd   Thumb Code    54  w5500.o(i.W5500_init)
    W5500_read                               0x080040f3   Thumb Code    44  w5500.o(i.W5500_read)
    W5500_readSn                             0x0800411f   Thumb Code    16  w5500.o(i.W5500_readSn)
    W5500_read_Arr                           0x08004175   Thumb Code    82  w5500.o(i.W5500_read_Arr)
    W5500_read_data                          0x080041cd   Thumb Code    20  w5500.o(i.W5500_read_data)
    W5500_recv_data_processing               0x080041e1   Thumb Code    82  w5500.o(i.W5500_recv_data_processing)
    W5500_send_data_processing               0x08004233   Thumb Code    10  w5500.o(i.W5500_send_data_processing)
    W5500_send_data_processing_offset        0x0800423d   Thumb Code    82  w5500.o(i.W5500_send_data_processing_offset)
    W5500_setGatewayIp                       0x0800428f   Thumb Code    12  w5500.o(i.W5500_setGatewayIp)
    W5500_setIPAddress                       0x0800429b   Thumb Code    12  w5500.o(i.W5500_setIPAddress)
    W5500_setMACAddress                      0x080042a7   Thumb Code    12  w5500.o(i.W5500_setMACAddress)
    W5500_setSubnetMask                      0x080042b3   Thumb Code    12  w5500.o(i.W5500_setSubnetMask)
    W5500_swReset                            0x080042bf   Thumb Code    26  w5500.o(i.W5500_swReset)
    W5500_write                              0x080042d9   Thumb Code    44  w5500.o(i.W5500_write)
    W5500_writeSn                            0x08004305   Thumb Code    16  w5500.o(i.W5500_writeSn)
    W5500_write_Arr                          0x08004339   Thumb Code    52  w5500.o(i.W5500_write_Arr)
    __ARM_fpclassify                         0x0800436d   Thumb Code    40  fpclassify.o(i.__ARM_fpclassify)
    _is_digit                                0x080043b5   Thumb Code    14  __printf_wp.o(i._is_digit)
    _sys_exit                                0x080043c3   Thumb Code     2  usart.o(i._sys_exit)
    _ttywrch                                 0x080043c5   Thumb Code     2  usart.o(i._ttywrch)
    ethEvent                                 0x080043c9   Thumb Code   364  main.o(i.ethEvent)
    ethInit                                  0x0800463d   Thumb Code    86  main.o(i.ethInit)
    fputc                                    0x080046b9   Thumb Code     8  usart.o(i.fputc)
    main                                     0x080046c5   Thumb Code    60  main.o(i.main)
    oneHZFun                                 0x0800472d   Thumb Code    76  freertos.o(i.oneHZFun)
    osDelay                                  0x08004791   Thumb Code    14  cmsis_os.o(i.osDelay)
    osKernelStart                            0x0800479f   Thumb Code    10  cmsis_os.o(i.osKernelStart)
    osMutexCreate                            0x080047a9   Thumb Code    16  cmsis_os.o(i.osMutexCreate)
    osThreadCreate                           0x080047b9   Thumb Code    84  cmsis_os.o(i.osThreadCreate)
    pvPortMalloc                             0x08004c7d   Thumb Code   210  heap_4.o(i.pvPortMalloc)
    pvTaskIncrementMutexHeldCount            0x08004d55   Thumb Code    18  tasks.o(i.pvTaskIncrementMutexHeldCount)
    pxPortInitialiseStack                    0x08004d6d   Thumb Code    32  port.o(i.pxPortInitialiseStack)
    uxListRemove                             0x08004d91   Thumb Code    38  list.o(i.uxListRemove)
    vApplicationGetIdleTaskMemory            0x08004db9   Thumb Code    16  freertos.o(i.vApplicationGetIdleTaskMemory)
    vApplicationStackOverflowHook            0x08004dcd   Thumb Code    26  freertos.o(i.vApplicationStackOverflowHook)
    vListInitialise                          0x08004e01   Thumb Code    22  list.o(i.vListInitialise)
    vListInitialiseItem                      0x08004e17   Thumb Code     6  list.o(i.vListInitialiseItem)
    vListInsert                              0x08004e1d   Thumb Code    48  list.o(i.vListInsert)
    vListInsertEnd                           0x08004e4d   Thumb Code    24  list.o(i.vListInsertEnd)
    vPortEnterCritical                       0x08004e65   Thumb Code    54  port.o(i.vPortEnterCritical)
    vPortExitCritical                        0x08004ea5   Thumb Code    34  port.o(i.vPortExitCritical)
    vPortFree                                0x08004ecd   Thumb Code    88  heap_4.o(i.vPortFree)
    vPortSetupTimerInterrupt                 0x08004f29   Thumb Code    32  port.o(i.vPortSetupTimerInterrupt)
    vTaskDelay                               0x08004f4d   Thumb Code    66  tasks.o(i.vTaskDelay)
    vTaskInternalSetTimeOutState             0x08004f99   Thumb Code    12  tasks.o(i.vTaskInternalSetTimeOutState)
    vTaskMissedYield                         0x08004fa9   Thumb Code     8  tasks.o(i.vTaskMissedYield)
    vTaskPlaceOnEventList                    0x08004fb5   Thumb Code    44  tasks.o(i.vTaskPlaceOnEventList)
    vTaskPriorityDisinheritAfterTimeout      0x08004fe5   Thumb Code   160  tasks.o(i.vTaskPriorityDisinheritAfterTimeout)
    vTaskStartScheduler                      0x0800508d   Thumb Code    90  tasks.o(i.vTaskStartScheduler)
    vTaskSuspendAll                          0x080050f9   Thumb Code    10  tasks.o(i.vTaskSuspendAll)
    vTaskSwitchContext                       0x08005109   Thumb Code   126  tasks.o(i.vTaskSwitchContext)
    xPortStartScheduler                      0x08005191   Thumb Code   154  port.o(i.xPortStartScheduler)
    xQueueCreateMutex                        0x08005239   Thumb Code    22  queue.o(i.xQueueCreateMutex)
    xQueueCreateMutexStatic                  0x0800524f   Thumb Code    26  queue.o(i.xQueueCreateMutexStatic)
    xQueueGenericCreate                      0x08005269   Thumb Code    72  queue.o(i.xQueueGenericCreate)
    xQueueGenericCreateStatic                0x080052b1   Thumb Code   102  queue.o(i.xQueueGenericCreateStatic)
    xQueueGenericReset                       0x08005319   Thumb Code   132  queue.o(i.xQueueGenericReset)
    xQueueGenericSend                        0x080053a1   Thumb Code   346  queue.o(i.xQueueGenericSend)
    xQueueSemaphoreTake                      0x08005501   Thumb Code   372  queue.o(i.xQueueSemaphoreTake)
    xTaskCheckForTimeOut                     0x08005679   Thumb Code   112  tasks.o(i.xTaskCheckForTimeOut)
    xTaskCreate                              0x080056ed   Thumb Code    90  tasks.o(i.xTaskCreate)
    xTaskCreateStatic                        0x08005747   Thumb Code    86  tasks.o(i.xTaskCreateStatic)
    xTaskGetSchedulerState                   0x0800579d   Thumb Code    22  tasks.o(i.xTaskGetSchedulerState)
    xTaskIncrementTick                       0x080057b9   Thumb Code   192  tasks.o(i.xTaskIncrementTick)
    xTaskPriorityDisinherit                  0x08005881   Thumb Code   144  tasks.o(i.xTaskPriorityDisinherit)
    xTaskPriorityInherit                     0x08005919   Thumb Code   138  tasks.o(i.xTaskPriorityInherit)
    xTaskRemoveFromEventList                 0x080059ad   Thumb Code   108  tasks.o(i.xTaskRemoveFromEventList)
    xTaskResumeAll                           0x08005a21   Thumb Code   182  tasks.o(i.xTaskResumeAll)
    _get_lc_numeric                          0x08005ae5   Thumb Code    44  lc_numeric_c.o(locale$$code)
    _get_lc_ctype                            0x08005b11   Thumb Code    44  lc_ctype_c.o(locale$$code)
    __aeabi_d2f                              0x08005b3d   Thumb Code     0  d2f.o(x$fpl$d2f)
    _d2f                                     0x08005b3d   Thumb Code    98  d2f.o(x$fpl$d2f)
    __aeabi_ddiv                             0x08005ba1   Thumb Code     0  ddiv.o(x$fpl$ddiv)
    _ddiv                                    0x08005ba1   Thumb Code   552  ddiv.o(x$fpl$ddiv)
    __aeabi_ui2d                             0x08005e51   Thumb Code     0  dflt_clz.o(x$fpl$dfltu)
    _dfltu                                   0x08005e51   Thumb Code    38  dflt_clz.o(x$fpl$dfltu)
    __fpl_dnaninf                            0x08005e77   Thumb Code   156  dnaninf.o(x$fpl$dnaninf)
    __fpl_dretinf                            0x08005f13   Thumb Code    12  dretinf.o(x$fpl$dretinf)
    __aeabi_f2d                              0x08005f21   Thumb Code     0  f2d.o(x$fpl$f2d)
    _f2d                                     0x08005f21   Thumb Code    86  f2d.o(x$fpl$f2d)
    __fpl_fnaninf                            0x08005f77   Thumb Code   140  fnaninf.o(x$fpl$fnaninf)
    __fpl_fretinf                            0x08006003   Thumb Code    10  fretinf.o(x$fpl$fretinf)
    _printf_fp_dec                           0x0800600d   Thumb Code     4  printf1.o(x$fpl$printf1)
    _printf_fp_hex                           0x08006011   Thumb Code     4  printf2.o(x$fpl$printf2)
    __I$use$fp                               0x08006014   Number         0  usenofp.o(x$fpl$usenofp)
    AHBPrescTable                            0x08006070   Data          16  system_stm32f1xx.o(.constdata)
    APBPrescTable                            0x08006080   Data           8  system_stm32f1xx.o(.constdata)
    Region$$Table$$Base                      0x080061b0   Number         0  anon$$obj.o(Region$$Table)
    Region$$Table$$Limit                     0x080061d0   Number         0  anon$$obj.o(Region$$Table)
    __ctype                                  0x080061f9   Data           0  lc_ctype_c.o(locale$$data)
    ETH_dnsServerAddress                     0x20000004   Data           4  ethernet2.o(.data)
    ETH_dnsDomainName                        0x20000008   Data           4  ethernet2.o(.data)
    ETH_hostName                             0x2000000c   Data           4  ethernet2.o(.data)
    ETH_Lock                                 0x20000010   Data           1  main.o(.data)
    control_server                           0x20000012   Data           2  main.o(.data)
    dbg_server                               0x20000014   Data           2  main.o(.data)
    clients                                  0x20000016   Data           2  main.o(.data)
    SerialSemaphoreHandle                    0x20000024   Data           4  freertos.o(.data)
    ETHSemaphoreHandle                       0x20000028   Data           4  freertos.o(.data)
    defaultTaskHandle                        0x2000002c   Data           4  freertos.o(.data)
    oneHZTaskHandle                          0x20000030   Data           4  freertos.o(.data)
    ethUpdataTaskHandle                      0x20000034   Data           4  freertos.o(.data)
    __stdout                                 0x20000038   Data           4  usart.o(.data)
    uwTickFreq                               0x2000003c   Data           1  stm32f1xx_hal.o(.data)
    uwTickPrio                               0x20000040   Data           4  stm32f1xx_hal.o(.data)
    uwTick                                   0x20000044   Data           4  stm32f1xx_hal.o(.data)
    SystemCoreClock                          0x20000048   Data           4  system_stm32f1xx.o(.data)
    pxCurrentTCB                             0x2000004c   Data           4  tasks.o(.data)
    hspi2                                    0x20000320   Data          88  spi.o(.bss)
    uart1_t                                  0x20000378   Data          24  usart.o(.bss)
    huart1                                   0x20000390   Data          64  usart.o(.bss)
    htim1                                    0x200003d0   Data          72  stm32f1xx_hal_timebase_tim.o(.bss)
    __libspace_start                         0x20008508   Data          96  libspace.o(.bss)
    __temporary_stack_top$libspace           0x20008568   Data           0  libspace.o(.bss)



==============================================================================

Memory Map of the image

  Image Entry point : 0x08000131

  Load Region LR_IROM1 (Base: 0x08000000, Size: 0x000063a8, Max: 0x00080000, ABSOLUTE)

    Execution Region ER_IROM1 (Exec base: 0x08000000, Load base: 0x08000000, Size: 0x000062fc, Max: 0x00080000, ABSOLUTE)

    Exec Addr    Load Addr    Size         Type   Attr      Idx    E Section Name        Object

    0x08000000   0x08000000   0x00000130   Data   RO            3    RESET               startup_stm32f103xe.o
    0x08000130   0x08000130   0x00000008   Code   RO         5419  * !!!main             c_w.l(__main.o)
    0x08000138   0x08000138   0x00000034   Code   RO         5786    !!!scatter          c_w.l(__scatter.o)
    0x0800016c   0x0800016c   0x0000001a   Code   RO         5788    !!handler_copy      c_w.l(__scatter_copy.o)
    0x08000186   0x08000186   0x00000002   PAD
    0x08000188   0x08000188   0x0000001c   Code   RO         5790    !!handler_zi        c_w.l(__scatter_zi.o)
    0x080001a4   0x080001a4   0x00000000   Code   RO         5404    .ARM.Collect$$_printf_percent$$00000000  c_w.l(_printf_percent.o)
    0x080001a4   0x080001a4   0x00000006   Code   RO         5516    .ARM.Collect$$_printf_percent$$00000001  c_w.l(_printf_n.o)
    0x080001aa   0x080001aa   0x00000006   Code   RO         5518    .ARM.Collect$$_printf_percent$$00000002  c_w.l(_printf_p.o)
    0x080001b0   0x080001b0   0x00000006   Code   RO         5523    .ARM.Collect$$_printf_percent$$00000003  c_w.l(_printf_f.o)
    0x080001b6   0x080001b6   0x00000006   Code   RO         5524    .ARM.Collect$$_printf_percent$$00000004  c_w.l(_printf_e.o)
    0x080001bc   0x080001bc   0x00000006   Code   RO         5525    .ARM.Collect$$_printf_percent$$00000005  c_w.l(_printf_g.o)
    0x080001c2   0x080001c2   0x00000006   Code   RO         5526    .ARM.Collect$$_printf_percent$$00000006  c_w.l(_printf_a.o)
    0x080001c8   0x080001c8   0x0000000a   Code   RO         5531    .ARM.Collect$$_printf_percent$$00000007  c_w.l(_printf_ll.o)
    0x080001d2   0x080001d2   0x00000006   Code   RO         5520    .ARM.Collect$$_printf_percent$$00000008  c_w.l(_printf_i.o)
    0x080001d8   0x080001d8   0x00000006   Code   RO         5521    .ARM.Collect$$_printf_percent$$00000009  c_w.l(_printf_d.o)
    0x080001de   0x080001de   0x00000006   Code   RO         5522    .ARM.Collect$$_printf_percent$$0000000A  c_w.l(_printf_u.o)
    0x080001e4   0x080001e4   0x00000006   Code   RO         5519    .ARM.Collect$$_printf_percent$$0000000B  c_w.l(_printf_o.o)
    0x080001ea   0x080001ea   0x00000006   Code   RO         5517    .ARM.Collect$$_printf_percent$$0000000C  c_w.l(_printf_x.o)
    0x080001f0   0x080001f0   0x00000006   Code   RO         5528    .ARM.Collect$$_printf_percent$$0000000D  c_w.l(_printf_lli.o)
    0x080001f6   0x080001f6   0x00000006   Code   RO         5529    .ARM.Collect$$_printf_percent$$0000000E  c_w.l(_printf_lld.o)
    0x080001fc   0x080001fc   0x00000006   Code   RO         5530    .ARM.Collect$$_printf_percent$$0000000F  c_w.l(_printf_llu.o)
    0x08000202   0x08000202   0x00000006   Code   RO         5535    .ARM.Collect$$_printf_percent$$00000010  c_w.l(_printf_llo.o)
    0x08000208   0x08000208   0x00000006   Code   RO         5536    .ARM.Collect$$_printf_percent$$00000011  c_w.l(_printf_llx.o)
    0x0800020e   0x0800020e   0x0000000a   Code   RO         5532    .ARM.Collect$$_printf_percent$$00000012  c_w.l(_printf_l.o)
    0x08000218   0x08000218   0x00000006   Code   RO         5515    .ARM.Collect$$_printf_percent$$00000013  c_w.l(_printf_c.o)
    0x0800021e   0x0800021e   0x00000006   Code   RO         5403    .ARM.Collect$$_printf_percent$$00000014  c_w.l(_printf_s.o)
    0x08000224   0x08000224   0x00000006   Code   RO         5533    .ARM.Collect$$_printf_percent$$00000015  c_w.l(_printf_lc.o)
    0x0800022a   0x0800022a   0x00000006   Code   RO         5534    .ARM.Collect$$_printf_percent$$00000016  c_w.l(_printf_ls.o)
    0x08000230   0x08000230   0x00000004   Code   RO         5527    .ARM.Collect$$_printf_percent$$00000017  c_w.l(_printf_percent_end.o)
    0x08000234   0x08000234   0x00000002   Code   RO         5720    .ARM.Collect$$libinit$$00000000  c_w.l(libinit.o)
    0x08000236   0x08000236   0x00000000   Code   RO         5542    .ARM.Collect$$libinit$$00000002  c_w.l(libinit2.o)
    0x08000236   0x08000236   0x00000000   Code   RO         5544    .ARM.Collect$$libinit$$00000004  c_w.l(libinit2.o)
    0x08000236   0x08000236   0x00000008   Code   RO         5545    .ARM.Collect$$libinit$$00000005  c_w.l(libinit2.o)
    0x0800023e   0x0800023e   0x00000000   Code   RO         5547    .ARM.Collect$$libinit$$0000000A  c_w.l(libinit2.o)
    0x0800023e   0x0800023e   0x00000000   Code   RO         5549    .ARM.Collect$$libinit$$0000000C  c_w.l(libinit2.o)
    0x0800023e   0x0800023e   0x00000000   Code   RO         5551    .ARM.Collect$$libinit$$0000000E  c_w.l(libinit2.o)
    0x0800023e   0x0800023e   0x00000006   Code   RO         5552    .ARM.Collect$$libinit$$0000000F  c_w.l(libinit2.o)
    0x08000244   0x08000244   0x00000000   Code   RO         5554    .ARM.Collect$$libinit$$00000011  c_w.l(libinit2.o)
    0x08000244   0x08000244   0x0000000c   Code   RO         5555    .ARM.Collect$$libinit$$00000012  c_w.l(libinit2.o)
    0x08000250   0x08000250   0x00000000   Code   RO         5556    .ARM.Collect$$libinit$$00000013  c_w.l(libinit2.o)
    0x08000250   0x08000250   0x00000000   Code   RO         5558    .ARM.Collect$$libinit$$00000015  c_w.l(libinit2.o)
    0x08000250   0x08000250   0x0000000a   Code   RO         5559    .ARM.Collect$$libinit$$00000016  c_w.l(libinit2.o)
    0x0800025a   0x0800025a   0x00000000   Code   RO         5560    .ARM.Collect$$libinit$$00000017  c_w.l(libinit2.o)
    0x0800025a   0x0800025a   0x00000000   Code   RO         5562    .ARM.Collect$$libinit$$00000019  c_w.l(libinit2.o)
    0x0800025a   0x0800025a   0x00000000   Code   RO         5564    .ARM.Collect$$libinit$$0000001B  c_w.l(libinit2.o)
    0x0800025a   0x0800025a   0x00000000   Code   RO         5566    .ARM.Collect$$libinit$$0000001D  c_w.l(libinit2.o)
    0x0800025a   0x0800025a   0x00000000   Code   RO         5568    .ARM.Collect$$libinit$$0000001F  c_w.l(libinit2.o)
    0x0800025a   0x0800025a   0x00000000   Code   RO         5570    .ARM.Collect$$libinit$$00000021  c_w.l(libinit2.o)
    0x0800025a   0x0800025a   0x00000000   Code   RO         5572    .ARM.Collect$$libinit$$00000023  c_w.l(libinit2.o)
    0x0800025a   0x0800025a   0x00000000   Code   RO         5574    .ARM.Collect$$libinit$$00000025  c_w.l(libinit2.o)
    0x0800025a   0x0800025a   0x00000000   Code   RO         5578    .ARM.Collect$$libinit$$0000002C  c_w.l(libinit2.o)
    0x0800025a   0x0800025a   0x00000000   Code   RO         5580    .ARM.Collect$$libinit$$0000002E  c_w.l(libinit2.o)
    0x0800025a   0x0800025a   0x00000000   Code   RO         5582    .ARM.Collect$$libinit$$00000030  c_w.l(libinit2.o)
    0x0800025a   0x0800025a   0x00000000   Code   RO         5584    .ARM.Collect$$libinit$$00000032  c_w.l(libinit2.o)
    0x0800025a   0x0800025a   0x00000002   Code   RO         5585    .ARM.Collect$$libinit$$00000033  c_w.l(libinit2.o)
    0x0800025c   0x0800025c   0x00000002   Code   RO         5783    .ARM.Collect$$libshutdown$$00000000  c_w.l(libshutdown.o)
    0x0800025e   0x0800025e   0x00000000   Code   RO         5741    .ARM.Collect$$libshutdown$$00000002  c_w.l(libshutdown2.o)
    0x0800025e   0x0800025e   0x00000000   Code   RO         5743    .ARM.Collect$$libshutdown$$00000004  c_w.l(libshutdown2.o)
    0x0800025e   0x0800025e   0x00000000   Code   RO         5746    .ARM.Collect$$libshutdown$$00000007  c_w.l(libshutdown2.o)
    0x0800025e   0x0800025e   0x00000000   Code   RO         5749    .ARM.Collect$$libshutdown$$0000000A  c_w.l(libshutdown2.o)
    0x0800025e   0x0800025e   0x00000000   Code   RO         5751    .ARM.Collect$$libshutdown$$0000000C  c_w.l(libshutdown2.o)
    0x0800025e   0x0800025e   0x00000000   Code   RO         5754    .ARM.Collect$$libshutdown$$0000000F  c_w.l(libshutdown2.o)
    0x0800025e   0x0800025e   0x00000002   Code   RO         5755    .ARM.Collect$$libshutdown$$00000010  c_w.l(libshutdown2.o)
    0x08000260   0x08000260   0x00000000   Code   RO         5439    .ARM.Collect$$rtentry$$00000000  c_w.l(__rtentry.o)
    0x08000260   0x08000260   0x00000000   Code   RO         5609    .ARM.Collect$$rtentry$$00000002  c_w.l(__rtentry2.o)
    0x08000260   0x08000260   0x00000006   Code   RO         5621    .ARM.Collect$$rtentry$$00000004  c_w.l(__rtentry4.o)
    0x08000266   0x08000266   0x00000000   Code   RO         5611    .ARM.Collect$$rtentry$$00000009  c_w.l(__rtentry2.o)
    0x08000266   0x08000266   0x00000004   Code   RO         5612    .ARM.Collect$$rtentry$$0000000A  c_w.l(__rtentry2.o)
    0x0800026a   0x0800026a   0x00000000   Code   RO         5614    .ARM.Collect$$rtentry$$0000000C  c_w.l(__rtentry2.o)
    0x0800026a   0x0800026a   0x00000008   Code   RO         5615    .ARM.Collect$$rtentry$$0000000D  c_w.l(__rtentry2.o)
    0x08000272   0x08000272   0x00000002   Code   RO         5725    .ARM.Collect$$rtexit$$00000000  c_w.l(rtexit.o)
    0x08000274   0x08000274   0x00000000   Code   RO         5757    .ARM.Collect$$rtexit$$00000002  c_w.l(rtexit2.o)
    0x08000274   0x08000274   0x00000004   Code   RO         5758    .ARM.Collect$$rtexit$$00000003  c_w.l(rtexit2.o)
    0x08000278   0x08000278   0x00000006   Code   RO         5759    .ARM.Collect$$rtexit$$00000004  c_w.l(rtexit2.o)
    0x0800027e   0x0800027e   0x00000002   PAD
    0x08000280   0x08000280   0x00000096   Code   RO         5228    .emb_text           port.o
    0x08000316   0x08000316   0x00000002   PAD
    0x08000318   0x08000318   0x00000000   Code   RO         5625    .emb_text           c_w.l(maybetermalloc1.o)
    0x08000318   0x08000318   0x00000040   Code   RO            4    .text               startup_stm32f103xe.o
    0x08000358   0x08000358   0x00000002   Code   RO         5307    .text               c_w.l(use_no_semi_2.o)
    0x0800035a   0x0800035a   0x0000005e   Code   RO         5313    .text               c_w.l(h1_alloc.o)
    0x080003b8   0x080003b8   0x0000004e   Code   RO         5315    .text               c_w.l(h1_free.o)
    0x08000406   0x08000406   0x00000002   PAD
    0x08000408   0x08000408   0x00000034   Code   RO         5373    .text               c_w.l(vsnprintf.o)
    0x0800043c   0x0800043c   0x00000018   Code   RO         5375    .text               c_w.l(__2printf.o)
    0x08000454   0x08000454   0x00000052   Code   RO         5381    .text               c_w.l(_printf_str.o)
    0x080004a6   0x080004a6   0x00000002   PAD
    0x080004a8   0x080004a8   0x00000188   Code   RO         5400    .text               c_w.l(__printf_flags_ss_wp.o)
    0x08000630   0x08000630   0x0000003e   Code   RO         5405    .text               c_w.l(strlen.o)
    0x0800066e   0x0800066e   0x0000008a   Code   RO         5407    .text               c_w.l(rt_memcpy_v6.o)
    0x080006f8   0x080006f8   0x00000064   Code   RO         5409    .text               c_w.l(rt_memcpy_w.o)
    0x0800075c   0x0800075c   0x00000010   Code   RO         5413    .text               c_w.l(aeabi_memset.o)
    0x0800076c   0x0800076c   0x0000004e   Code   RO         5415    .text               c_w.l(rt_memclr_w.o)
    0x080007ba   0x080007ba   0x00000006   Code   RO         5417    .text               c_w.l(heapauxi.o)
    0x080007c0   0x080007c0   0x00000002   Code   RO         5435    .text               c_w.l(use_no_semi.o)
    0x080007c2   0x080007c2   0x00000002   PAD
    0x080007c4   0x080007c4   0x00000008   Code   RO         5443    .text               c_w.l(rt_heap_descriptor_intlibspace.o)
    0x080007cc   0x080007cc   0x00000004   Code   RO         5445    .text               c_w.l(hguard.o)
    0x080007d0   0x080007d0   0x0000008a   Code   RO         5447    .text               c_w.l(init_alloc.o)
    0x0800085a   0x0800085a   0x0000000e   Code   RO         5451    .text               c_w.l(h1_init.o)
    0x08000868   0x08000868   0x0000004e   Code   RO         5465    .text               c_w.l(_printf_pad.o)
    0x080008b6   0x080008b6   0x00000024   Code   RO         5467    .text               c_w.l(_printf_truncate.o)
    0x080008da   0x080008da   0x00000002   PAD
    0x080008dc   0x080008dc   0x00000078   Code   RO         5469    .text               c_w.l(_printf_dec.o)
    0x08000954   0x08000954   0x00000028   Code   RO         5471    .text               c_w.l(_printf_charcount.o)
    0x0800097c   0x0800097c   0x00000030   Code   RO         5473    .text               c_w.l(_printf_char_common.o)
    0x080009ac   0x080009ac   0x0000000a   Code   RO         5475    .text               c_w.l(_sputc.o)
    0x080009b6   0x080009b6   0x00000010   Code   RO         5477    .text               c_w.l(_snputc.o)
    0x080009c6   0x080009c6   0x0000002c   Code   RO         5479    .text               c_w.l(_printf_char.o)
    0x080009f2   0x080009f2   0x00000002   PAD
    0x080009f4   0x080009f4   0x00000024   Code   RO         5481    .text               c_w.l(_printf_char_file.o)
    0x08000a18   0x08000a18   0x000000bc   Code   RO         5483    .text               c_w.l(_printf_wctomb.o)
    0x08000ad4   0x08000ad4   0x0000007c   Code   RO         5486    .text               c_w.l(_printf_longlong_dec.o)
    0x08000b50   0x08000b50   0x00000070   Code   RO         5492    .text               c_w.l(_printf_oct_int_ll.o)
    0x08000bc0   0x08000bc0   0x00000094   Code   RO         5512    .text               c_w.l(_printf_hex_int_ll_ptr.o)
    0x08000c54   0x08000c54   0x00000044   Code   RO         5537    .text               c_w.l(rt_memclr.o)
    0x08000c98   0x08000c98   0x00000008   Code   RO         5605    .text               c_w.l(libspace.o)
    0x08000ca0   0x08000ca0   0x00000034   Code   RO         5627    .text               c_w.l(h1_extend.o)
    0x08000cd4   0x08000cd4   0x0000008a   Code   RO         5631    .text               c_w.l(lludiv10.o)
    0x08000d5e   0x08000d5e   0x000000b2   Code   RO         5633    .text               c_w.l(_printf_intcommon.o)
    0x08000e10   0x08000e10   0x0000041e   Code   RO         5635    .text               c_w.l(_printf_fp_dec.o)
    0x0800122e   0x0800122e   0x00000002   PAD
    0x08001230   0x08001230   0x000002fc   Code   RO         5637    .text               c_w.l(_printf_fp_hex.o)
    0x0800152c   0x0800152c   0x0000002c   Code   RO         5642    .text               c_w.l(_printf_wchar.o)
    0x08001558   0x08001558   0x00000008   Code   RO         5644    .text               c_w.l(ferror.o)
    0x08001560   0x08001560   0x00000040   Code   RO         5648    .text               c_w.l(_wcrtomb.o)
    0x080015a0   0x080015a0   0x0000000e   Code   RO         5650    .text               c_w.l(defsig_rtmem_outer.o)
    0x080015ae   0x080015ae   0x0000004a   Code   RO         5662    .text               c_w.l(sys_stackheap_outer.o)
    0x080015f8   0x080015f8   0x00000010   Code   RO         5664    .text               c_w.l(rt_ctype_table.o)
    0x08001608   0x08001608   0x00000008   Code   RO         5671    .text               c_w.l(rt_locale_intlibspace.o)
    0x08001610   0x08001610   0x00000080   Code   RO         5675    .text               c_w.l(_printf_fp_infnan.o)
    0x08001690   0x08001690   0x000000e4   Code   RO         5677    .text               c_w.l(bigflt0.o)
    0x08001774   0x08001774   0x00000012   Code   RO         5705    .text               c_w.l(exit.o)
    0x08001786   0x08001786   0x0000000a   Code   RO         5707    .text               c_w.l(defsig_exit.o)
    0x08001790   0x08001790   0x00000050   Code   RO         5709    .text               c_w.l(defsig_rtmem_inner.o)
    0x080017e0   0x080017e0   0x00000032   Code   RO         5736    .text               c_w.l(defsig_general.o)
    0x08001812   0x08001812   0x00000002   PAD
    0x08001814   0x08001814   0x00000080   Code   RO         5738    .text               c_w.l(strcmpv7m.o)
    0x08001894   0x08001894   0x0000003e   Code   RO         5680    CL$$btod_d2e        c_w.l(btod.o)
    0x080018d2   0x080018d2   0x00000046   Code   RO         5682    CL$$btod_d2e_denorm_low  c_w.l(btod.o)
    0x08001918   0x08001918   0x00000060   Code   RO         5681    CL$$btod_d2e_norm_op1  c_w.l(btod.o)
    0x08001978   0x08001978   0x00000338   Code   RO         5690    CL$$btod_div_common  c_w.l(btod.o)
    0x08001cb0   0x08001cb0   0x000000dc   Code   RO         5687    CL$$btod_e2e        c_w.l(btod.o)
    0x08001d8c   0x08001d8c   0x0000002a   Code   RO         5684    CL$$btod_ediv       c_w.l(btod.o)
    0x08001db6   0x08001db6   0x0000002a   Code   RO         5683    CL$$btod_emul       c_w.l(btod.o)
    0x08001de0   0x08001de0   0x00000244   Code   RO         5689    CL$$btod_mult_common  c_w.l(btod.o)
    0x08002024   0x08002024   0x00000002   Code   RO         1252    i.BusFault_Handler  stm32f1xx_it.o
    0x08002026   0x08002026   0x00000002   PAD
    0x08002028   0x08002028   0x00000024   Code   RO          961    i.CreateMutex       freertos.o
    0x0800204c   0x0800204c   0x0000008c   Code   RO          827    i.DbgPrint          main.o
    0x080020d8   0x080020d8   0x00000002   Code   RO         1253    i.DebugMon_Handler  stm32f1xx_it.o
    0x080020da   0x080020da   0x0000000e   Code   RO          644    i.ETH_Client_available  ethernetclient.o
    0x080020e8   0x080020e8   0x0000002e   Code   RO          646    i.ETH_Client_connected  ethernetclient.o
    0x08002116   0x08002116   0x00000018   Code   RO          648    i.ETH_Client_isIdentical  ethernetclient.o
    0x0800212e   0x0800212e   0x0000000e   Code   RO          649    i.ETH_Client_isOK   ethernetclient.o
    0x0800213c   0x0800213c   0x00000008   Code   RO          652    i.ETH_Client_read_Arr  ethernetclient.o
    0x08002144   0x08002144   0x00000010   Code   RO          653    i.ETH_Client_status  ethernetclient.o
    0x08002154   0x08002154   0x00000054   Code   RO          654    i.ETH_Client_stop   ethernetclient.o
    0x080021a8   0x080021a8   0x0000001c   Code   RO          656    i.ETH_Client_write_Arr  ethernetclient.o
    0x080021c4   0x080021c4   0x0000005c   Code   RO          754    i.ETH_Server_accept  ethernetserver.o
    0x08002220   0x08002220   0x00000050   Code   RO          755    i.ETH_Server_available  ethernetserver.o
    0x08002270   0x08002270   0x0000003c   Code   RO          756    i.ETH_Server_begin  ethernetserver.o
    0x080022ac   0x080022ac   0x00000040   Code   RO          962    i.ETH_Update        freertos.o
    0x080022ec   0x080022ec   0x00000044   Code   RO          558    i.ETH_begin         ethernet2.o
    0x08002330   0x08002330   0x0000000c   Code   RO          562    i.ETH_localIP       ethernet2.o
    0x0800233c   0x0800233c   0x00000002   Code   RO          828    i.Error_Handler     main.o
    0x0800233e   0x0800233e   0x00000002   PAD
    0x08002340   0x08002340   0x00000130   Code   RO         1801    i.HAL_DMA_Abort_IT  stm32f1xx_hal_dma.o
    0x08002470   0x08002470   0x00000024   Code   RO         1428    i.HAL_Delay         stm32f1xx_hal.o
    0x08002494   0x08002494   0x000001f8   Code   RO         1736    i.HAL_GPIO_Init     stm32f1xx_hal_gpio.o
    0x0800268c   0x0800268c   0x0000000a   Code   RO         1740    i.HAL_GPIO_WritePin  stm32f1xx_hal_gpio.o
    0x08002696   0x08002696   0x00000002   PAD
    0x08002698   0x08002698   0x0000000c   Code   RO         1432    i.HAL_GetTick       stm32f1xx_hal.o
    0x080026a4   0x080026a4   0x00000010   Code   RO         1438    i.HAL_IncTick       stm32f1xx_hal.o
    0x080026b4   0x080026b4   0x00000024   Code   RO         1439    i.HAL_Init          stm32f1xx_hal.o
    0x080026d8   0x080026d8   0x00000074   Code   RO         1346    i.HAL_InitTick      stm32f1xx_hal_timebase_tim.o
    0x0800274c   0x0800274c   0x00000048   Code   RO         1322    i.HAL_MspInit       stm32f1xx_hal_msp.o
    0x08002794   0x08002794   0x00000022   Code   RO         1895    i.HAL_NVIC_DisableIRQ  stm32f1xx_hal_cortex.o
    0x080027b6   0x080027b6   0x0000001a   Code   RO         1896    i.HAL_NVIC_EnableIRQ  stm32f1xx_hal_cortex.o
    0x080027d0   0x080027d0   0x00000040   Code   RO         1902    i.HAL_NVIC_SetPriority  stm32f1xx_hal_cortex.o
    0x08002810   0x08002810   0x00000024   Code   RO         1903    i.HAL_NVIC_SetPriorityGrouping  stm32f1xx_hal_cortex.o
    0x08002834   0x08002834   0x0000012c   Code   RO         1596    i.HAL_RCC_ClockConfig  stm32f1xx_hal_rcc.o
    0x08002960   0x08002960   0x00000040   Code   RO         1600    i.HAL_RCC_GetClockConfig  stm32f1xx_hal_rcc.o
    0x080029a0   0x080029a0   0x00000020   Code   RO         1603    i.HAL_RCC_GetPCLK1Freq  stm32f1xx_hal_rcc.o
    0x080029c0   0x080029c0   0x00000020   Code   RO         1604    i.HAL_RCC_GetPCLK2Freq  stm32f1xx_hal_rcc.o
    0x080029e0   0x080029e0   0x0000006c   Code   RO         1605    i.HAL_RCC_GetSysClockFreq  stm32f1xx_hal_rcc.o
    0x08002a4c   0x08002a4c   0x00000320   Code   RO         1608    i.HAL_RCC_OscConfig  stm32f1xx_hal_rcc.o
    0x08002d6c   0x08002d6c   0x000000b2   Code   RO         2407    i.HAL_SPI_Init      stm32f1xx_hal_spi.o
    0x08002e1e   0x08002e1e   0x00000002   PAD
    0x08002e20   0x08002e20   0x00000074   Code   RO         1046    i.HAL_SPI_MspInit   spi.o
    0x08002e94   0x08002e94   0x00000166   Code   RO         2415    i.HAL_SPI_Transmit  stm32f1xx_hal_spi.o
    0x08002ffa   0x08002ffa   0x000001e2   Code   RO         2416    i.HAL_SPI_TransmitReceive  stm32f1xx_hal_spi.o
    0x080031dc   0x080031dc   0x00000002   Code   RO         3424    i.HAL_TIMEx_BreakCallback  stm32f1xx_hal_tim_ex.o
    0x080031de   0x080031de   0x00000002   Code   RO         3425    i.HAL_TIMEx_CommutCallback  stm32f1xx_hal_tim_ex.o
    0x080031e0   0x080031e0   0x0000005a   Code   RO         2720    i.HAL_TIM_Base_Init  stm32f1xx_hal_tim.o
    0x0800323a   0x0800323a   0x00000002   Code   RO         2722    i.HAL_TIM_Base_MspInit  stm32f1xx_hal_tim.o
    0x0800323c   0x0800323c   0x0000006c   Code   RO         2725    i.HAL_TIM_Base_Start_IT  stm32f1xx_hal_tim.o
    0x080032a8   0x080032a8   0x00000002   Code   RO         2754    i.HAL_TIM_IC_CaptureCallback  stm32f1xx_hal_tim.o
    0x080032aa   0x080032aa   0x00000166   Code   RO         2768    i.HAL_TIM_IRQHandler  stm32f1xx_hal_tim.o
    0x08003410   0x08003410   0x00000002   Code   RO         2771    i.HAL_TIM_OC_DelayElapsedCallback  stm32f1xx_hal_tim.o
    0x08003412   0x08003412   0x00000002   Code   RO         2798    i.HAL_TIM_PWM_PulseFinishedCallback  stm32f1xx_hal_tim.o
    0x08003414   0x08003414   0x00000014   Code   RO          829    i.HAL_TIM_PeriodElapsedCallback  main.o
    0x08003428   0x08003428   0x00000002   Code   RO         2811    i.HAL_TIM_TriggerCallback  stm32f1xx_hal_tim.o
    0x0800342a   0x0800342a   0x00000002   Code   RO         3712    i.HAL_UART_ErrorCallback  stm32f1xx_hal_uart.o
    0x0800342c   0x0800342c   0x0000000a   Code   RO         3714    i.HAL_UART_GetState  stm32f1xx_hal_uart.o
    0x08003436   0x08003436   0x00000002   PAD
    0x08003438   0x08003438   0x0000015c   Code   RO         3715    i.HAL_UART_IRQHandler  stm32f1xx_hal_uart.o
    0x08003594   0x08003594   0x00000062   Code   RO         3716    i.HAL_UART_Init     stm32f1xx_hal_uart.o
    0x080035f6   0x080035f6   0x00000002   PAD
    0x080035f8   0x080035f8   0x00000080   Code   RO         1088    i.HAL_UART_MspInit  usart.o
    0x08003678   0x08003678   0x00000052   Code   RO         3721    i.HAL_UART_Receive_IT  stm32f1xx_hal_uart.o
    0x080036ca   0x080036ca   0x00000002   PAD
    0x080036cc   0x080036cc   0x00000014   Code   RO         1089    i.HAL_UART_RxCpltCallback  usart.o
    0x080036e0   0x080036e0   0x0000003e   Code   RO         3726    i.HAL_UART_Transmit_IT  stm32f1xx_hal_uart.o
    0x0800371e   0x0800371e   0x00000002   PAD
    0x08003720   0x08003720   0x00000014   Code   RO         1090    i.HAL_UART_TxCpltCallback  usart.o
    0x08003734   0x08003734   0x00000002   Code   RO         1254    i.HardFault_Handler  stm32f1xx_it.o
    0x08003736   0x08003736   0x00000002   PAD
    0x08003738   0x08003738   0x00000054   Code   RO          963    i.MX_FREERTOS_Init  freertos.o
    0x0800378c   0x0800378c   0x00000060   Code   RO          937    i.MX_GPIO_Init      gpio.o
    0x080037ec   0x080037ec   0x00000048   Code   RO         1047    i.MX_SPI2_Init      spi.o
    0x08003834   0x08003834   0x00000038   Code   RO         1091    i.MX_USART1_UART_Init  usart.o
    0x0800386c   0x0800386c   0x00000002   Code   RO         1255    i.MemManage_Handler  stm32f1xx_it.o
    0x0800386e   0x0800386e   0x00000002   Code   RO         1256    i.NMI_Handler       stm32f1xx_it.o
    0x08003870   0x08003870   0x00000016   Code   RO          397    i.SOCKET_close      socket.o
    0x08003886   0x08003886   0x00000006   Code   RO          399    i.SOCKET_disconnect  socket.o
    0x0800388c   0x0800388c   0x0000001c   Code   RO          402    i.SOCKET_listen     socket.o
    0x080038a8   0x080038a8   0x0000004e   Code   RO          404    i.SOCKET_recv       socket.o
    0x080038f6   0x080038f6   0x0000006e   Code   RO          406    i.SOCKET_send       socket.o
    0x08003964   0x08003964   0x0000005c   Code   RO          409    i.SOCKET_socket     socket.o
    0x080039c0   0x080039c0   0x00000020   Code   RO         2445    i.SPI_EndRxTxTransaction  stm32f1xx_hal_spi.o
    0x080039e0   0x080039e0   0x000000b8   Code   RO         2450    i.SPI_WaitFlagStateUntilTimeout  stm32f1xx_hal_spi.o
    0x08003a98   0x08003a98   0x00000038   Code   RO          964    i.StartDefaultTask  freertos.o
    0x08003ad0   0x08003ad0   0x0000002c   Code   RO         5229    i.SysTick_Handler   port.o
    0x08003afc   0x08003afc   0x0000004e   Code   RO          830    i.SystemClock_Config  main.o
    0x08003b4a   0x08003b4a   0x00000002   Code   RO         4013    i.SystemInit        system_stm32f1xx.o
    0x08003b4c   0x08003b4c   0x0000000c   Code   RO         1257    i.TIM1_UP_IRQHandler  stm32f1xx_it.o
    0x08003b58   0x08003b58   0x0000008c   Code   RO         2813    i.TIM_Base_SetConfig  stm32f1xx_hal_tim.o
    0x08003be4   0x08003be4   0x00000064   Code   RO         1094    i.UART_Begin_IT     usart.o
    0x08003c48   0x08003c48   0x00000010   Code   RO         3729    i.UART_DMAAbortOnError  stm32f1xx_hal_uart.o
    0x08003c58   0x08003c58   0x0000001c   Code   RO         3739    i.UART_EndRxTransfer  stm32f1xx_hal_uart.o
    0x08003c74   0x08003c74   0x00000014   Code   RO         1098    i.UART_RX_Active    usart.o
    0x08003c88   0x08003c88   0x0000008c   Code   RO         3741    i.UART_Receive_IT   stm32f1xx_hal_uart.o
    0x08003d14   0x08003d14   0x0000004c   Code   RO         1101    i.UART_Rx_Complate  usart.o
    0x08003d60   0x08003d60   0x000000b8   Code   RO         3742    i.UART_SetConfig    stm32f1xx_hal_uart.o
    0x08003e18   0x08003e18   0x00000014   Code   RO         1102    i.UART_TX_Active    usart.o
    0x08003e2c   0x08003e2c   0x00000032   Code   RO         1103    i.UART_TX_Complate  usart.o
    0x08003e5e   0x08003e5e   0x00000002   PAD
    0x08003e60   0x08003e60   0x00000098   Code   RO         1104    i.UART_Transmit_IT_Init  usart.o
    0x08003ef8   0x08003ef8   0x00000044   Code   RO         1106    i.UART_Write_IT     usart.o
    0x08003f3c   0x08003f3c   0x0000000c   Code   RO         1258    i.USART1_IRQHandler  stm32f1xx_it.o
    0x08003f48   0x08003f48   0x00000002   Code   RO         1259    i.UsageFault_Handler  stm32f1xx_it.o
    0x08003f4a   0x08003f4a   0x00000002   PAD
    0x08003f4c   0x08003f4c   0x00000020   Code   RO           14    i.W5500_SPI_Read    w5500.o
    0x08003f6c   0x08003f6c   0x00000034   Code   RO           15    i.W5500_SPI_Read_Arr  w5500.o
    0x08003fa0   0x08003fa0   0x00000018   Code   RO           16    i.W5500_SPI_Write   w5500.o
    0x08003fb8   0x08003fb8   0x0000002c   Code   RO           17    i.W5500_SPI_Write_Arr  w5500.o
    0x08003fe4   0x08003fe4   0x00000050   Code   RO           18    i.W5500_SPI_initSS  w5500.o
    0x08004034   0x08004034   0x00000010   Code   RO           19    i.W5500_SPI_resetSS  w5500.o
    0x08004044   0x08004044   0x00000010   Code   RO           20    i.W5500_SPI_setSS   w5500.o
    0x08004054   0x08004054   0x0000001a   Code   RO           21    i.W5500_execCmdSn   w5500.o
    0x0800406e   0x0800406e   0x0000000c   Code   RO          211    i.W5500_getIPAddress  w5500.o
    0x0800407a   0x0800407a   0x00000020   Code   RO           22    i.W5500_getRXReceivedSize  w5500.o
    0x0800409a   0x0800409a   0x00000020   Code   RO           23    i.W5500_getTXFreeSize  w5500.o
    0x080040ba   0x080040ba   0x00000002   PAD
    0x080040bc   0x080040bc   0x00000036   Code   RO           24    i.W5500_init        w5500.o
    0x080040f2   0x080040f2   0x0000002c   Code   RO           25    i.W5500_read        w5500.o
    0x0800411e   0x0800411e   0x00000010   Code   RO          158    i.W5500_readSn      w5500.o
    0x0800412e   0x0800412e   0x00000006   Code   RO          411    i.W5500_readSnIR    socket.o
    0x08004134   0x08004134   0x0000001c   Code   RO           26    i.W5500_readSnRX_RSR  w5500.o
    0x08004150   0x08004150   0x00000006   Code   RO          412    i.W5500_readSnSR    socket.o
    0x08004156   0x08004156   0x0000001c   Code   RO           27    i.W5500_readSnTX_FSR  w5500.o
    0x08004172   0x08004172   0x00000002   PAD
    0x08004174   0x08004174   0x00000058   Code   RO           29    i.W5500_read_Arr    w5500.o
    0x080041cc   0x080041cc   0x00000014   Code   RO           30    i.W5500_read_data   w5500.o
    0x080041e0   0x080041e0   0x00000052   Code   RO           31    i.W5500_recv_data_processing  w5500.o
    0x08004232   0x08004232   0x0000000a   Code   RO           32    i.W5500_send_data_processing  w5500.o
    0x0800423c   0x0800423c   0x00000052   Code   RO           33    i.W5500_send_data_processing_offset  w5500.o
    0x0800428e   0x0800428e   0x0000000c   Code   RO          181    i.W5500_setGatewayIp  w5500.o
    0x0800429a   0x0800429a   0x0000000c   Code   RO          217    i.W5500_setIPAddress  w5500.o
    0x080042a6   0x080042a6   0x0000000c   Code   RO          205    i.W5500_setMACAddress  w5500.o
    0x080042b2   0x080042b2   0x0000000c   Code   RO          193    i.W5500_setSubnetMask  w5500.o
    0x080042be   0x080042be   0x0000001a   Code   RO          247    i.W5500_swReset     w5500.o
    0x080042d8   0x080042d8   0x0000002c   Code   RO           34    i.W5500_write       w5500.o
    0x08004304   0x08004304   0x00000010   Code   RO          153    i.W5500_writeSn     w5500.o
    0x08004314   0x08004314   0x00000008   Code   RO          415    i.W5500_writeSnIR   socket.o
    0x0800431c   0x0800431c   0x0000001c   Code   RO          416    i.W5500_writeSnPORT  socket.o
    0x08004338   0x08004338   0x00000034   Code   RO           35    i.W5500_write_Arr   w5500.o
    0x0800436c   0x0800436c   0x00000028   Code   RO         5723    i.__ARM_fpclassify  m_ws.l(fpclassify.o)
    0x08004394   0x08004394   0x00000020   Code   RO         1909    i.__NVIC_SetPriority  stm32f1xx_hal_cortex.o
    0x080043b4   0x080043b4   0x0000000e   Code   RO         5393    i._is_digit         c_w.l(__printf_wp.o)
    0x080043c2   0x080043c2   0x00000002   Code   RO         1107    i._sys_exit         usart.o
    0x080043c4   0x080043c4   0x00000002   Code   RO         1108    i._ttywrch          usart.o
    0x080043c6   0x080043c6   0x00000002   PAD
    0x080043c8   0x080043c8   0x00000274   Code   RO          831    i.ethEvent          main.o
    0x0800463c   0x0800463c   0x0000007c   Code   RO          832    i.ethInit           main.o
    0x080046b8   0x080046b8   0x0000000c   Code   RO         1109    i.fputc             usart.o
    0x080046c4   0x080046c4   0x0000005c   Code   RO          833    i.main              main.o
    0x08004720   0x08004720   0x0000000c   Code   RO         4800    i.makeFreeRtosPriority  cmsis_os.o
    0x0800472c   0x0800472c   0x00000064   Code   RO          965    i.oneHZFun          freertos.o
    0x08004790   0x08004790   0x0000000e   Code   RO         4802    i.osDelay           cmsis_os.o
    0x0800479e   0x0800479e   0x0000000a   Code   RO         4805    i.osKernelStart     cmsis_os.o
    0x080047a8   0x080047a8   0x00000010   Code   RO         4820    i.osMutexCreate     cmsis_os.o
    0x080047b8   0x080047b8   0x00000054   Code   RO         4839    i.osThreadCreate    cmsis_os.o
    0x0800480c   0x0800480c   0x00000070   Code   RO         4497    i.prvAddCurrentTaskToDelayedList  tasks.o
    0x0800487c   0x0800487c   0x000000d0   Code   RO         4498    i.prvAddNewTaskToReadyList  tasks.o
    0x0800494c   0x0800494c   0x0000006c   Code   RO         4192    i.prvCopyDataToQueue  queue.o
    0x080049b8   0x080049b8   0x00000034   Code   RO         4499    i.prvDeleteTCB      tasks.o
    0x080049ec   0x080049ec   0x0000004c   Code   RO         5167    i.prvHeapInit       heap_4.o
    0x08004a38   0x08004a38   0x00000060   Code   RO         4500    i.prvIdleTask       tasks.o
    0x08004a98   0x08004a98   0x00000016   Code   RO         4193    i.prvInitialiseMutex  queue.o
    0x08004aae   0x08004aae   0x00000016   Code   RO         4194    i.prvInitialiseNewQueue  queue.o
    0x08004ac4   0x08004ac4   0x0000009c   Code   RO         4501    i.prvInitialiseNewTask  tasks.o
    0x08004b60   0x08004b60   0x0000004c   Code   RO         5168    i.prvInsertBlockIntoFreeList  heap_4.o
    0x08004bac   0x08004bac   0x0000001c   Code   RO         4195    i.prvIsQueueEmpty   queue.o
    0x08004bc8   0x08004bc8   0x00000020   Code   RO         4502    i.prvResetNextTaskUnblockTime  tasks.o
    0x08004be8   0x08004be8   0x00000028   Code   RO         5230    i.prvTaskExitError  port.o
    0x08004c10   0x08004c10   0x0000006a   Code   RO         4196    i.prvUnlockQueue    queue.o
    0x08004c7a   0x08004c7a   0x00000002   PAD
    0x08004c7c   0x08004c7c   0x000000d8   Code   RO         5169    i.pvPortMalloc      heap_4.o
    0x08004d54   0x08004d54   0x00000018   Code   RO         4504    i.pvTaskIncrementMutexHeldCount  tasks.o
    0x08004d6c   0x08004d6c   0x00000024   Code   RO         5231    i.pxPortInitialiseStack  port.o
    0x08004d90   0x08004d90   0x00000026   Code   RO         4151    i.uxListRemove      list.o
    0x08004db6   0x08004db6   0x00000002   PAD
    0x08004db8   0x08004db8   0x00000014   Code   RO          966    i.vApplicationGetIdleTaskMemory  freertos.o
    0x08004dcc   0x08004dcc   0x00000034   Code   RO          967    i.vApplicationStackOverflowHook  freertos.o
    0x08004e00   0x08004e00   0x00000016   Code   RO         4152    i.vListInitialise   list.o
    0x08004e16   0x08004e16   0x00000006   Code   RO         4153    i.vListInitialiseItem  list.o
    0x08004e1c   0x08004e1c   0x00000030   Code   RO         4154    i.vListInsert       list.o
    0x08004e4c   0x08004e4c   0x00000018   Code   RO         4155    i.vListInsertEnd    list.o
    0x08004e64   0x08004e64   0x00000040   Code   RO         5233    i.vPortEnterCritical  port.o
    0x08004ea4   0x08004ea4   0x00000028   Code   RO         5234    i.vPortExitCritical  port.o
    0x08004ecc   0x08004ecc   0x0000005c   Code   RO         5170    i.vPortFree         heap_4.o
    0x08004f28   0x08004f28   0x00000024   Code   RO         5235    i.vPortSetupTimerInterrupt  port.o
    0x08004f4c   0x08004f4c   0x0000004c   Code   RO         4510    i.vTaskDelay        tasks.o
    0x08004f98   0x08004f98   0x00000010   Code   RO         4513    i.vTaskInternalSetTimeOutState  tasks.o
    0x08004fa8   0x08004fa8   0x0000000c   Code   RO         4514    i.vTaskMissedYield  tasks.o
    0x08004fb4   0x08004fb4   0x00000030   Code   RO         4516    i.vTaskPlaceOnEventList  tasks.o
    0x08004fe4   0x08004fe4   0x000000a8   Code   RO         4518    i.vTaskPriorityDisinheritAfterTimeout  tasks.o
    0x0800508c   0x0800508c   0x0000006c   Code   RO         4523    i.vTaskStartScheduler  tasks.o
    0x080050f8   0x080050f8   0x00000010   Code   RO         4525    i.vTaskSuspendAll   tasks.o
    0x08005108   0x08005108   0x00000088   Code   RO         4526    i.vTaskSwitchContext  tasks.o
    0x08005190   0x08005190   0x000000a8   Code   RO         5237    i.xPortStartScheduler  port.o
    0x08005238   0x08005238   0x00000016   Code   RO         4203    i.xQueueCreateMutex  queue.o
    0x0800524e   0x0800524e   0x0000001a   Code   RO         4204    i.xQueueCreateMutexStatic  queue.o
    0x08005268   0x08005268   0x00000048   Code   RO         4205    i.xQueueGenericCreate  queue.o
    0x080052b0   0x080052b0   0x00000066   Code   RO         4206    i.xQueueGenericCreateStatic  queue.o
    0x08005316   0x08005316   0x00000002   PAD
    0x08005318   0x08005318   0x00000088   Code   RO         4207    i.xQueueGenericReset  queue.o
    0x080053a0   0x080053a0   0x00000160   Code   RO         4208    i.xQueueGenericSend  queue.o
    0x08005500   0x08005500   0x00000178   Code   RO         4217    i.xQueueSemaphoreTake  queue.o
    0x08005678   0x08005678   0x00000074   Code   RO         4527    i.xTaskCheckForTimeOut  tasks.o
    0x080056ec   0x080056ec   0x0000005a   Code   RO         4528    i.xTaskCreate       tasks.o
    0x08005746   0x08005746   0x00000056   Code   RO         4529    i.xTaskCreateStatic  tasks.o
    0x0800579c   0x0800579c   0x0000001c   Code   RO         4533    i.xTaskGetSchedulerState  tasks.o
    0x080057b8   0x080057b8   0x000000c8   Code   RO         4536    i.xTaskIncrementTick  tasks.o
    0x08005880   0x08005880   0x00000098   Code   RO         4539    i.xTaskPriorityDisinherit  tasks.o
    0x08005918   0x08005918   0x00000094   Code   RO         4540    i.xTaskPriorityInherit  tasks.o
    0x080059ac   0x080059ac   0x00000074   Code   RO         4541    i.xTaskRemoveFromEventList  tasks.o
    0x08005a20   0x08005a20   0x000000c4   Code   RO         4542    i.xTaskResumeAll    tasks.o
    0x08005ae4   0x08005ae4   0x0000002c   Code   RO         5703    locale$$code        c_w.l(lc_numeric_c.o)
    0x08005b10   0x08005b10   0x0000002c   Code   RO         5732    locale$$code        c_w.l(lc_ctype_c.o)
    0x08005b3c   0x08005b3c   0x00000062   Code   RO         5421    x$fpl$d2f           fz_ws.l(d2f.o)
    0x08005b9e   0x08005b9e   0x00000002   PAD
    0x08005ba0   0x08005ba0   0x000002b0   Code   RO         5424    x$fpl$ddiv          fz_ws.l(ddiv.o)
    0x08005e50   0x08005e50   0x00000026   Code   RO         5427    x$fpl$dfltu         fz_ws.l(dflt_clz.o)
    0x08005e76   0x08005e76   0x0000009c   Code   RO         5586    x$fpl$dnaninf       fz_ws.l(dnaninf.o)
    0x08005f12   0x08005f12   0x0000000c   Code   RO         5588    x$fpl$dretinf       fz_ws.l(dretinf.o)
    0x08005f1e   0x08005f1e   0x00000002   PAD
    0x08005f20   0x08005f20   0x00000056   Code   RO         5433    x$fpl$f2d           fz_ws.l(f2d.o)
    0x08005f76   0x08005f76   0x0000008c   Code   RO         5590    x$fpl$fnaninf       fz_ws.l(fnaninf.o)
    0x08006002   0x08006002   0x0000000a   Code   RO         5592    x$fpl$fretinf       fz_ws.l(fretinf.o)
    0x0800600c   0x0800600c   0x00000004   Code   RO         5594    x$fpl$printf1       fz_ws.l(printf1.o)
    0x08006010   0x08006010   0x00000004   Code   RO         5596    x$fpl$printf2       fz_ws.l(printf2.o)
    0x08006014   0x08006014   0x00000000   Code   RO         5602    x$fpl$usenofp       fz_ws.l(usenofp.o)
    0x08006014   0x08006014   0x00000004   Data   RO          564    .constdata          ethernet2.o
    0x08006018   0x08006018   0x00000001   Data   RO          761    .constdata          ethernetserver.o
    0x08006019   0x08006019   0x00000003   PAD
    0x0800601c   0x0800601c   0x00000054   Data   RO          969    .constdata          freertos.o
    0x08006070   0x08006070   0x00000010   Data   RO         4014    .constdata          system_stm32f1xx.o
    0x08006080   0x08006080   0x00000008   Data   RO         4015    .constdata          system_stm32f1xx.o
    0x08006088   0x08006088   0x00000011   Data   RO         5401    .constdata          c_w.l(__printf_flags_ss_wp.o)
    0x08006099   0x08006099   0x00000003   PAD
    0x0800609c   0x0800609c   0x00000008   Data   RO         5484    .constdata          c_w.l(_printf_wctomb.o)
    0x080060a4   0x080060a4   0x00000028   Data   RO         5513    .constdata          c_w.l(_printf_hex_int_ll_ptr.o)
    0x080060cc   0x080060cc   0x00000026   Data   RO         5638    .constdata          c_w.l(_printf_fp_hex.o)
    0x080060f2   0x080060f2   0x00000002   PAD
    0x080060f4   0x080060f4   0x00000094   Data   RO         5678    .constdata          c_w.l(bigflt0.o)
    0x08006188   0x08006188   0x00000028   Data   RO          970    .conststring        freertos.o
    0x080061b0   0x080061b0   0x00000020   Data   RO         5784    Region$$Table       anon$$obj.o
    0x080061d0   0x080061d0   0x0000001c   Data   RO         5702    locale$$data        c_w.l(lc_numeric_c.o)
    0x080061ec   0x080061ec   0x00000110   Data   RO         5731    locale$$data        c_w.l(lc_ctype_c.o)


    Execution Region RW_IRAM1 (Exec base: 0x20000000, Load base: 0x080062fc, Size: 0x0000bd68, Max: 0x00010000, ABSOLUTE)

    Exec Addr    Load Addr    Size         Type   Attr      Idx    E Section Name        Object

    0x20000000   0x080062fc   0x00000002   Data   RW          418    .data               socket.o
    0x20000002   0x080062fe   0x00000002   PAD
    0x20000004   0x08006300   0x0000000c   Data   RW          565    .data               ethernet2.o
    0x20000010   0x0800630c   0x00000014   Data   RW          834    .data               main.o
    0x20000024   0x08006320   0x00000014   Data   RW          971    .data               freertos.o
    0x20000038   0x08006334   0x00000004   Data   RW         1111    .data               usart.o
    0x2000003c   0x08006338   0x0000000c   Data   RW         1446    .data               stm32f1xx_hal.o
    0x20000048   0x08006344   0x00000004   Data   RW         4016    .data               system_stm32f1xx.o
    0x2000004c   0x08006348   0x0000003c   Data   RW         4545    .data               tasks.o
    0x20000088   0x08006384   0x00000018   Data   RW         5175    .data               heap_4.o
    0x200000a0   0x0800639c   0x0000000c   Data   RW         5238    .data               port.o
    0x200000ac        -       0x00000010   Zero   RW          657    .bss                ethernetclient.o
    0x200000bc        -       0x00000010   Zero   RW          760    .bss                ethernetserver.o
    0x200000cc        -       0x00000254   Zero   RW          968    .bss                freertos.o
    0x20000320        -       0x00000058   Zero   RW         1048    .bss                spi.o
    0x20000378        -       0x00000058   Zero   RW         1110    .bss                usart.o
    0x200003d0        -       0x00000048   Zero   RW         1349    .bss                stm32f1xx_hal_timebase_tim.o
    0x20000418        -       0x000000f0   Zero   RW         4544    .bss                tasks.o
    0x20000508        -       0x00008000   Zero   RW         5174    .bss                heap_4.o
    0x20008508        -       0x00000060   Zero   RW         5606    .bss                c_w.l(libspace.o)
    0x20008568        -       0x00003000   Zero   RW            2    HEAP                startup_stm32f103xe.o
    0x2000b568        -       0x00000800   Zero   RW            1    STACK               startup_stm32f103xe.o


==============================================================================

Image component sizes


      Code (inc. data)   RO Data    RW Data    ZI Data      Debug   Object Name

       136          0          0          0          0      22841   cmsis_os.o
        80         10          4         12          0       8188   ethernet2.o
       234          4          0          0         16      12614   ethernetclient.o
       232         16          1          0         16      10524   ethernetserver.o
         0          0          0          0          0      18124   event_groups.o
       412        108        124         20        596      17717   freertos.o
        96          8          0          0          0        831   gpio.o
       460         24          0         24      32768       7187   heap_4.o
       138          0          0          0          0       3354   list.o
      1084        358          0         20          0      23427   main.o
       578         60          0         12          0      10252   port.o
      1372         14          0          0          0      13415   queue.o
       384          4          0          2          0      21671   socket.o
       188         24          0          0         88       1585   spi.o
        64         26        304          0      14336        804   startup_stm32f103xe.o
       100         18          0         12          0       5794   stm32f1xx_hal.o
       192         14          0          0          0      28808   stm32f1xx_hal_cortex.o
       304          8          0          0          0       1151   stm32f1xx_hal_dma.o
       514         42          0          0          0       2884   stm32f1xx_hal_gpio.o
        72         10          0          0          0        830   stm32f1xx_hal_msp.o
      1336        110          0          0          0       5765   stm32f1xx_hal_rcc.o
      1234          4          0          0          0       6152   stm32f1xx_hal_spi.o
       706         40          0          0          0       6972   stm32f1xx_hal_tim.o
         4          0          0          0          0       1525   stm32f1xx_hal_tim_ex.o
       116         18          0          0         72       1375   stm32f1xx_hal_timebase_tim.o
       970         10          0          0          0       7640   stm32f1xx_hal_uart.o
        36         12          0          0          0       3330   stm32f1xx_it.o
         2          0         24          4          0       1075   system_stm32f1xx.o
      2392        172          0         60        240      23959   tasks.o
       726         68          0          4         88       9890   usart.o
      1004         46          0          0          0     520450   w5500.o

    ----------------------------------------------------------------------
     15202       1228        492        172      48220     800134   Object Totals
         0          0         32          0          0          0   (incl. Generated)
        36          0          3          2          0          0   (incl. Padding)

    ----------------------------------------------------------------------

      Code (inc. data)   RO Data    RW Data    ZI Data      Debug   Library Member Name

        24          4          0          0          0         84   __2printf.o
         8          0          0          0          0         68   __main.o
       392          4         17          0          0         92   __printf_flags_ss_wp.o
        14          0          0          0          0         68   __printf_wp.o
         0          0          0          0          0          0   __rtentry.o
        12          0          0          0          0          0   __rtentry2.o
         6          0          0          0          0          0   __rtentry4.o
        52          8          0          0          0          0   __scatter.o
        26          0          0          0          0          0   __scatter_copy.o
        28          0          0          0          0          0   __scatter_zi.o
         6          0          0          0          0          0   _printf_a.o
         6          0          0          0          0          0   _printf_c.o
        44          0          0          0          0        108   _printf_char.o
        48          6          0          0          0         96   _printf_char_common.o
        36          4          0          0          0         80   _printf_char_file.o
        40          0          0          0          0         68   _printf_charcount.o
         6          0          0          0          0          0   _printf_d.o
       120         16          0          0          0         92   _printf_dec.o
         6          0          0          0          0          0   _printf_e.o
         6          0          0          0          0          0   _printf_f.o
      1054          0          0          0          0        216   _printf_fp_dec.o
       764          8         38          0          0        100   _printf_fp_hex.o
       128         16          0          0          0         84   _printf_fp_infnan.o
         6          0          0          0          0          0   _printf_g.o
       148          4         40          0          0        160   _printf_hex_int_ll_ptr.o
         6          0          0          0          0          0   _printf_i.o
       178          0          0          0          0         88   _printf_intcommon.o
        10          0          0          0          0          0   _printf_l.o
         6          0          0          0          0          0   _printf_lc.o
        10          0          0          0          0          0   _printf_ll.o
         6          0          0          0          0          0   _printf_lld.o
         6          0          0          0          0          0   _printf_lli.o
         6          0          0          0          0          0   _printf_llo.o
         6          0          0          0          0          0   _printf_llu.o
         6          0          0          0          0          0   _printf_llx.o
       124         16          0          0          0         92   _printf_longlong_dec.o
         6          0          0          0          0          0   _printf_ls.o
         6          0          0          0          0          0   _printf_n.o
         6          0          0          0          0          0   _printf_o.o
       112         10          0          0          0        124   _printf_oct_int_ll.o
         6          0          0          0          0          0   _printf_p.o
        78          0          0          0          0        108   _printf_pad.o
         0          0          0          0          0          0   _printf_percent.o
         4          0          0          0          0          0   _printf_percent_end.o
         6          0          0          0          0          0   _printf_s.o
        82          0          0          0          0         80   _printf_str.o
        36          0          0          0          0         84   _printf_truncate.o
         6          0          0          0          0          0   _printf_u.o
        44          0          0          0          0        108   _printf_wchar.o
       188          6          8          0          0         92   _printf_wctomb.o
         6          0          0          0          0          0   _printf_x.o
        16          0          0          0          0         68   _snputc.o
        10          0          0          0          0         68   _sputc.o
        64          0          0          0          0         92   _wcrtomb.o
        16          0          0          0          0         68   aeabi_memset.o
       228          4        148          0          0         96   bigflt0.o
      1936        128          0          0          0        672   btod.o
        10          0          0          0          0         68   defsig_exit.o
        50          0          0          0          0         88   defsig_general.o
        80         58          0          0          0         76   defsig_rtmem_inner.o
        14          0          0          0          0         80   defsig_rtmem_outer.o
        18          0          0          0          0         80   exit.o
         8          0          0          0          0         68   ferror.o
        94          0          0          0          0         80   h1_alloc.o
        52          0          0          0          0         68   h1_extend.o
        78          0          0          0          0         80   h1_free.o
        14          0          0          0          0         84   h1_init.o
         6          0          0          0          0        152   heapauxi.o
         4          0          0          0          0        136   hguard.o
       138          0          0          0          0        168   init_alloc.o
        44         10        272          0          0         76   lc_ctype_c.o
        44         10         28          0          0         76   lc_numeric_c.o
         2          0          0          0          0          0   libinit.o
        38          0          0          0          0          0   libinit2.o
         2          0          0          0          0          0   libshutdown.o
         2          0          0          0          0          0   libshutdown2.o
         8          4          0          0         96         68   libspace.o
       138          0          0          0          0         80   lludiv10.o
         0          0          0          0          0          0   maybetermalloc1.o
        16          4          0          0          0         76   rt_ctype_table.o
         8          4          0          0          0         68   rt_heap_descriptor_intlibspace.o
         8          4          0          0          0         68   rt_locale_intlibspace.o
        68          0          0          0          0         68   rt_memclr.o
        78          0          0          0          0         80   rt_memclr_w.o
       138          0          0          0          0         68   rt_memcpy_v6.o
       100          0          0          0          0         80   rt_memcpy_w.o
         2          0          0          0          0          0   rtexit.o
        10          0          0          0          0          0   rtexit2.o
       128          0          0          0          0         68   strcmpv7m.o
        62          0          0          0          0         76   strlen.o
        74          0          0          0          0         80   sys_stackheap_outer.o
         2          0          0          0          0         68   use_no_semi.o
         2          0          0          0          0         68   use_no_semi_2.o
        52          4          0          0          0         80   vsnprintf.o
        98          4          0          0          0         92   d2f.o
       688        140          0          0          0        208   ddiv.o
        38          0          0          0          0         68   dflt_clz.o
       156          4          0          0          0         92   dnaninf.o
        12          0          0          0          0         68   dretinf.o
        86          4          0          0          0         84   f2d.o
       140          4          0          0          0         84   fnaninf.o
        10          0          0          0          0         68   fretinf.o
         4          0          0          0          0         68   printf1.o
         4          0          0          0          0         68   printf2.o
         0          0          0          0          0          0   usenofp.o
        40          0          0          0          0         68   fpclassify.o

    ----------------------------------------------------------------------
      9090        488        556          0         96       6600   Library Totals
        22          0          5          0          0          0   (incl. Padding)

    ----------------------------------------------------------------------

      Code (inc. data)   RO Data    RW Data    ZI Data      Debug   Library Name

      7792        332        551          0         96       5632   c_w.l
      1236        156          0          0          0        900   fz_ws.l
        40          0          0          0          0         68   m_ws.l

    ----------------------------------------------------------------------
      9090        488        556          0         96       6600   Library Totals

    ----------------------------------------------------------------------

==============================================================================


      Code (inc. data)   RO Data    RW Data    ZI Data      Debug   

     24292       1716       1048        172      48316     793002   Grand Totals
     24292       1716       1048        172      48316     793002   ELF Image Totals
     24292       1716       1048        172          0          0   ROM Totals

==============================================================================

    Total RO  Size (Code + RO Data)                25340 (  24.75kB)
    Total RW  Size (RW Data + ZI Data)             48488 (  47.35kB)
    Total ROM Size (Code + RO Data + RW Data)      25512 (  24.91kB)

==============================================================================

